Component: Arm Compiler for Embedded 6.19 Tool: armlink [5e73cb00]

==============================================================================

Section Cross References

    startup_stm32f103xb.o(STACK) refers (Special) to heapauxi.o(.text) for __use_two_region_memory
    startup_stm32f103xb.o(HEAP) refers (Special) to heapauxi.o(.text) for __use_two_region_memory
    startup_stm32f103xb.o(RESET) refers (Special) to heapauxi.o(.text) for __use_two_region_memory
    startup_stm32f103xb.o(RESET) refers to startup_stm32f103xb.o(STACK) for __initial_sp
    startup_stm32f103xb.o(RESET) refers to startup_stm32f103xb.o(.text) for Reset_Handler
    startup_stm32f103xb.o(RESET) refers to stm32f1xx_it.o(.text.NMI_Handler) for NMI_Handler
    startup_stm32f103xb.o(RESET) refers to stm32f1xx_it.o(.text.HardFault_Handler) for HardFault_Handler
    startup_stm32f103xb.o(RESET) refers to stm32f1xx_it.o(.text.MemManage_Handler) for MemManage_Handler
    startup_stm32f103xb.o(RESET) refers to stm32f1xx_it.o(.text.BusFault_Handler) for BusFault_Handler
    startup_stm32f103xb.o(RESET) refers to stm32f1xx_it.o(.text.UsageFault_Handler) for UsageFault_Handler
    startup_stm32f103xb.o(RESET) refers to stm32f1xx_it.o(.text.SVC_Handler) for SVC_Handler
    startup_stm32f103xb.o(RESET) refers to stm32f1xx_it.o(.text.DebugMon_Handler) for DebugMon_Handler
    startup_stm32f103xb.o(RESET) refers to stm32f1xx_it.o(.text.PendSV_Handler) for PendSV_Handler
    startup_stm32f103xb.o(RESET) refers to stm32f1xx_it.o(.text.SysTick_Handler) for SysTick_Handler
    startup_stm32f103xb.o(RESET) refers to stm32f1xx_it.o(.text.USART1_IRQHandler) for USART1_IRQHandler
    startup_stm32f103xb.o(.text) refers (Special) to heapauxi.o(.text) for __use_two_region_memory
    startup_stm32f103xb.o(.text) refers to system_stm32f1xx.o(.text.SystemInit) for SystemInit
    startup_stm32f103xb.o(.text) refers to __main.o(!!!main) for __main
    startup_stm32f103xb.o(.text) refers to startup_stm32f103xb.o(HEAP) for Heap_Mem
    startup_stm32f103xb.o(.text) refers to startup_stm32f103xb.o(STACK) for Stack_Mem
    main.o(.text.HAL_UART_RxCpltCallback) refers to main.o(.bss..L_MergedGlobals) for .L_MergedGlobals
    main.o(.text.HAL_UART_RxCpltCallback) refers to uart.o(.text.uart_receive) for uart_receive
    main.o(.text.HAL_UART_RxCpltCallback) refers to stm32f1xx_hal_uart.o(.text.HAL_UART_Receive_IT) for HAL_UART_Receive_IT
    main.o(.ARM.exidx.text.HAL_UART_RxCpltCallback) refers to main.o(.text.HAL_UART_RxCpltCallback) for [Anonymous Symbol]
    main.o(.text.main) refers to stm32f1xx_hal.o(.text.HAL_Init) for HAL_Init
    main.o(.text.main) refers to stm32f1xx_hal_rcc.o(.text.HAL_RCC_OscConfig) for HAL_RCC_OscConfig
    main.o(.text.main) refers to stm32f1xx_hal_rcc.o(.text.HAL_RCC_ClockConfig) for HAL_RCC_ClockConfig
    main.o(.text.main) refers to stm32f1xx_hal_gpio.o(.text.HAL_GPIO_WritePin) for HAL_GPIO_WritePin
    main.o(.text.main) refers to stm32f1xx_hal_gpio.o(.text.HAL_GPIO_Init) for HAL_GPIO_Init
    main.o(.text.main) refers to main.o(.bss..L_MergedGlobals) for .L_MergedGlobals
    main.o(.text.main) refers to stm32f1xx_hal_uart.o(.text.HAL_UART_Init) for HAL_UART_Init
    main.o(.text.main) refers to main.o(.bss.hi2c1) for hi2c1
    main.o(.text.main) refers to stm32f1xx_hal_i2c.o(.text.HAL_I2C_Init) for HAL_I2C_Init
    main.o(.text.main) refers to main.o(.bss.htim1) for htim1
    main.o(.text.main) refers to stm32f1xx_hal_tim.o(.text.HAL_TIM_Base_Init) for HAL_TIM_Base_Init
    main.o(.text.main) refers to stm32f1xx_hal_tim.o(.text.HAL_TIM_ConfigClockSource) for HAL_TIM_ConfigClockSource
    main.o(.text.main) refers to stm32f1xx_hal_tim.o(.text.HAL_TIM_PWM_Init) for HAL_TIM_PWM_Init
    main.o(.text.main) refers to stm32f1xx_hal_tim_ex.o(.text.HAL_TIMEx_MasterConfigSynchronization) for HAL_TIMEx_MasterConfigSynchronization
    main.o(.text.main) refers to stm32f1xx_hal_tim.o(.text.HAL_TIM_PWM_ConfigChannel) for HAL_TIM_PWM_ConfigChannel
    main.o(.text.main) refers to stm32f1xx_hal_tim_ex.o(.text.HAL_TIMEx_ConfigBreakDeadTime) for HAL_TIMEx_ConfigBreakDeadTime
    main.o(.text.main) refers to stm32f1xx_hal_msp.o(.text.HAL_TIM_MspPostInit) for HAL_TIM_MspPostInit
    main.o(.text.main) refers to stm32f1xx_hal_tim.o(.text.HAL_TIM_PWM_Start) for HAL_TIM_PWM_Start
    main.o(.text.main) refers to response.o(.text.response_init) for response_init
    main.o(.text.main) refers to stm32f1xx_hal_uart.o(.text.HAL_UART_Receive_IT) for HAL_UART_Receive_IT
    main.o(.text.main) refers to time3231.o(.text.Time3231_init_I2C) for Time3231_init_I2C
    main.o(.text.main) refers to fan_service.o(.text.fan_init) for fan_init
    main.o(.text.main) refers to uart.o(.text.uart_handle) for uart_handle
    main.o(.text.main) refers to led7.o(.text.led7_anot_display_4) for led7_anot_display_4
    main.o(.text.main) refers to stm32f1xx_hal.o(.text.HAL_GetTick) for HAL_GetTick
[...]
    [Anonymous Symbol]                       0x08003cec   Section        0  stm32f1xx_hal_i2c.o(.text.I2C_WaitOnRXNEFlagUntilTimeout)
    I2C_WaitOnTXEFlagUntilTimeout            0x08003d7d   Thumb Code   190  stm32f1xx_hal_i2c.o(.text.I2C_WaitOnTXEFlagUntilTimeout)
    [Anonymous Symbol]                       0x08003d7c   Section        0  stm32f1xx_hal_i2c.o(.text.I2C_WaitOnTXEFlagUntilTimeout)
    [Anonymous Symbol]                       0x08003e3c   Section        0  stm32f1xx_it.o(.text.MemManage_Handler)
    [Anonymous Symbol]                       0x08003e40   Section        0  stm32f1xx_it.o(.text.NMI_Handler)
    [Anonymous Symbol]                       0x08003e44   Section        0  stm32f1xx_it.o(.text.PendSV_Handler)
    [Anonymous Symbol]                       0x08003e48   Section        0  stm32f1xx_it.o(.text.SVC_Handler)
    [Anonymous Symbol]                       0x08003e4c   Section        0  stm32f1xx_it.o(.text.SysTick_Handler)
    [Anonymous Symbol]                       0x08003e50   Section        0  system_stm32f1xx.o(.text.SystemInit)
    [Anonymous Symbol]                       0x08003e54   Section        0  time_service.o(.text.Time3231_handle_data_time)
    [Anonymous Symbol]                       0x08003e60   Section        0  time3231.o(.text.Time3231_init_I2C)
    [Anonymous Symbol]                       0x08003e6c   Section        0  time3231.o(.text.Time3231_init_RTC)
    [Anonymous Symbol]                       0x08003e8c   Section        0  time3231.o(.text.Time3231_read_RTC)
    [Anonymous Symbol]                       0x08003f58   Section        0  time3231.o(.text.Time3231_write_RTC)
    UART_DMAAbortOnError                     0x0800403d   Thumb Code    12  stm32f1xx_hal_uart.o(.text.UART_DMAAbortOnError)
    [Anonymous Symbol]                       0x0800403c   Section        0  stm32f1xx_hal_uart.o(.text.UART_DMAAbortOnError)
    UART_Receive_IT                          0x08004049   Thumb Code   254  stm32f1xx_hal_uart.o(.text.UART_Receive_IT)
    [Anonymous Symbol]                       0x08004048   Section        0  stm32f1xx_hal_uart.o(.text.UART_Receive_IT)
    [Anonymous Symbol]                       0x08004148   Section        0  stm32f1xx_it.o(.text.USART1_IRQHandler)
    [Anonymous Symbol]                       0x08004154   Section        0  stm32f1xx_it.o(.text.UsageFault_Handler)
    [Anonymous Symbol]                       0x08004158   Section        0  cli_commands.o(.text.cli_command_execute)
    [Anonymous Symbol]                       0x080041e4   Section        0  pwm.o(.text.dutyToPwm)
    [Anonymous Symbol]                       0x08004218   Section        0  fan_service.o(.text.fan_init)
    [Anonymous Symbol]                       0x08004238   Section        0  fan_service.o(.text.fan_service_turn_off)
    [Anonymous Symbol]                       0x08004270   Section        0  fan_service.o(.text.fan_service_turn_on)
    [Anonymous Symbol]                       0x080042b0   Section        0  led7.o(.text.led7_anot_display_1)
    led7_state                               0x0800438c   Number         0  led7.o(.text.led7_anot_display_1)
    [Anonymous Symbol]                       0x08004398   Section        0  led7.o(.text.led7_anot_display_4)
    [Anonymous Symbol]                       0x080043f0   Section        0  led_service.o(.text.led_service_turn_off)
    [Anonymous Symbol]                       0x08004428   Section        0  led_service.o(.text.led_service_turn_on)
    [Anonymous Symbol]                       0x08004460   Section        0  main.o(.text.main)
    [Anonymous Symbol]                       0x08004748   Section        0  motor.o(.text.motor_control)
    [Anonymous Symbol]                       0x08004838   Section        0  motor.o(.text.motor_init)
    [Anonymous Symbol]                       0x08004844   Section        0  response.o(.text.response_init)
    [Anonymous Symbol]                       0x08004850   Section        0  response.o(.text.response_printf)
    [Anonymous Symbol]                       0x08004890   Section        0  time_service.o(.text.time_service_getTime)
    [Anonymous Symbol]                       0x080048cc   Section        0  time_service.o(.text.time_service_get_response)
    [Anonymous Symbol]                       0x08004a44   Section        0  time_service.o(.text.time_service_setTime)
    [Anonymous Symbol]                       0x08004a74   Section        0  time_service.o(.text.time_service_set_response)
    [Anonymous Symbol]                       0x08004b04   Section        0  uart.o(.text.uart_handle)
    [Anonymous Symbol]                       0x08004b24   Section        0  uart.o(.text.uart_receive)
    CL$$btod_d2e                             0x08004b4a   Section       62  btod.o(CL$$btod_d2e)
    CL$$btod_d2e_denorm_low                  0x08004b88   Section       70  btod.o(CL$$btod_d2e_denorm_low)
    CL$$btod_d2e_norm_op1                    0x08004bce   Section       96  btod.o(CL$$btod_d2e_norm_op1)
    CL$$btod_div_common                      0x08004c30   Section      824  btod.o(CL$$btod_div_common)
    CL$$btod_e2e                             0x08004f68   Section      220  btod.o(CL$$btod_e2e)
    CL$$btod_ediv                            0x08005044   Section       42  btod.o(CL$$btod_ediv)
    CL$$btod_emul                            0x0800506e   Section       42  btod.o(CL$$btod_emul)
    CL$$btod_mult_common                     0x08005098   Section      580  btod.o(CL$$btod_mult_common)
    i.__ARM_fpclassify                       0x080052dc   Section        0  fpclassify.o(i.__ARM_fpclassify)
    i._is_digit                              0x08005304   Section        0  __printf_wp.o(i._is_digit)
    locale$$code                             0x08005314   Section       44  lc_ctype_c.o(locale$$code)
    locale$$code                             0x08005340   Section       44  lc_numeric_c.o(locale$$code)
    x$fpl$ddiv                               0x0800536c   Section      692  ddiv.o(x$fpl$ddiv)
    ddiv_entry                               0x08005373   Thumb Code     0  ddiv.o(x$fpl$ddiv)
    x$fpl$dfix                               0x08005620   Section       94  dfix.o(x$fpl$dfix)
    x$fpl$dfltu                              0x0800567e   Section       38  dflt_clz.o(x$fpl$dfltu)
    x$fpl$dmul                               0x080056a4   Section      340  dmul.o(x$fpl$dmul)
    x$fpl$dnaninf                            0x080057f8   Section      156  dnaninf.o(x$fpl$dnaninf)
    x$fpl$dretinf                            0x08005894   Section       12  dretinf.o(x$fpl$dretinf)
    x$fpl$printf1                            0x080058a0   Section        4  printf1.o(x$fpl$printf1)
    x$fpl$printf2                            0x080058a4   Section        4  printf2.o(x$fpl$printf2)
    initial_mbstate                          0x080058a8   Data           8  _printf_wctomb.o(.constdata)
    .constdata                               0x080058a8   Section        8  _printf_wctomb.o(.constdata)
    x$fpl$usenofp                            0x080058a8   Section        0  usenofp.o(x$fpl$usenofp)
    uc_hextab                                0x080058b0   Data          20  _printf_hex_int_ll_ptr.o(.constdata)
    .constdata                               0x080058b0   Section       40  _printf_hex_int_ll_ptr.o(.constdata)
    lc_hextab                                0x080058c4   Data          20  _printf_hex_int_ll_ptr.o(.constdata)
    maptable                                 0x080058d8   Data          17  __printf_flags_ss_wp.o(.constdata)
    .constdata                               0x080058d8   Section       17  __printf_flags_ss_wp.o(.constdata)
    lc_hextab                                0x080058e9   Data          19  _printf_fp_hex.o(.constdata)
    .constdata                               0x080058e9   Section       38  _printf_fp_hex.o(.constdata)
    uc_hextab                                0x080058fc   Data          19  _printf_fp_hex.o(.constdata)
    tenpwrs_x                                0x08005910   Data          60  bigflt0.o(.constdata)
    .constdata                               0x08005910   Section      148  bigflt0.o(.constdata)
    tenpwrs_i                                0x0800594c   Data          64  bigflt0.o(.constdata)
    HAL_RCC_GetSysClockFreq.aPredivFactorTable 0x080059bc   Data           2  stm32f1xx_hal_rcc.o(.rodata.HAL_RCC_GetSysClockFreq.aPredivFactorTable)
    [Anonymous Symbol]                       0x080059bc   Section        0  stm32f1xx_hal_rcc.o(.rodata.HAL_RCC_GetSysClockFreq.aPredivFactorTable)
    HAL_RCC_GetSysClockFreq.aPLLMULFactorTable 0x080059be   Data          16  stm32f1xx_hal_rcc.o(.rodata.cst16)
    [Anonymous Symbol]                       0x080059be   Section        0  stm32f1xx_hal_rcc.o(.rodata.cst16)
    .L.str                                   0x080059ce   Data           2  cli_commands.o(.rodata.str1.1)
    [Anonymous Symbol]                       0x080059ce   Section        0  cli_commands.o(.rodata.str1.1)
    [Anonymous Symbol]                       0x080059d0   Section        0  cli_table.o(.rodata.str1.1)
    .L.str                                   0x08005a52   Data          15  fan_service.o(.rodata.str1.1)
    .L.str                                   0x08005a52   Data          15  fan_service.o(.rodata.str1.1)
    [Anonymous Symbol]                       0x08005a52   Section        0  fan_service.o(.rodata.str1.1)
    locale$$data                             0x08005a84   Section      272  lc_ctype_c.o(locale$$data)
    __lcctype_c_name                         0x08005a88   Data           2  lc_ctype_c.o(locale$$data)
    __lcctype_c_start                        0x08005a90   Data           0  lc_ctype_c.o(locale$$data)
    __lcctype_c_end                          0x08005b94   Data           0  lc_ctype_c.o(locale$$data)
    locale$$data                             0x08005b94   Section       28  lc_numeric_c.o(locale$$data)
    __lcnum_c_name                           0x08005b98   Data           2  lc_numeric_c.o(locale$$data)
    __lcnum_c_start                          0x08005ba0   Data           0  lc_numeric_c.o(locale$$data)
    __lcnum_c_point                          0x08005bac   Data           0  lc_numeric_c.o(locale$$data)
    __lcnum_c_thousands                      0x08005bae   Data           0  lc_numeric_c.o(locale$$data)
    __lcnum_c_grouping                       0x08005baf   Data           0  lc_numeric_c.o(locale$$data)
    __lcnum_c_end                            0x08005bb0   Data           0  lc_numeric_c.o(locale$$data)
    _strtok_saves1                           0x20000000   Data           4  strtok.o(.data)
    .data                                    0x20000000   Section        4  strtok.o(.data)
    .L_MergedGlobals                         0x20000004   Data           8  stm32f1xx_hal.o(.data..L_MergedGlobals)
    [Anonymous Symbol]                       0x20000004   Section        0  stm32f1xx_hal.o(.data..L_MergedGlobals)
    .bss                                     0x20000068   Section       96  libspace.o(.bss)
    .L_MergedGlobals                         0x200000c8   Data         104  main.o(.bss..L_MergedGlobals)
    [Anonymous Symbol]                       0x200000c8   Section        0  main.o(.bss..L_MergedGlobals)
    .L_MergedGlobals                         0x20000130   Data          48  cli_commands.o(.bss..L_MergedGlobals)
    [Anonymous Symbol]                       0x20000130   Section        0  cli_commands.o(.bss..L_MergedGlobals)
    .L_MergedGlobals                         0x20000160   Data         102  uart.o(.bss..L_MergedGlobals)
    uart_leng                                0x20000160   Data           1  uart.o(.bss..L_MergedGlobals)
    [Anonymous Symbol]                       0x20000160   Section        0  uart.o(.bss..L_MergedGlobals)
    uart_flag                                0x20000161   Data           1  uart.o(.bss..L_MergedGlobals)
    uart_buffer                              0x20000162   Data         100  uart.o(.bss..L_MergedGlobals)
    hi2c                                     0x200001cc   Data           4  time3231.o(.bss.hi2c)
    [Anonymous Symbol]                       0x200001cc   Section        0  time3231.o(.bss.hi2c)
    motor                                    0x2000026c   Data           4  fan_service.o(.bss.motor)
    [Anonymous Symbol]                       0x2000026c   Section        0  fan_service.o(.bss.motor)
    Heap_Mem                                 0x20000278   Data         512  startup_stm32f103xb.o(HEAP)
    HEAP                                     0x20000278   Section      512  startup_stm32f103xb.o(HEAP)
    Stack_Mem                                0x20000478   Data        1024  startup_stm32f103xb.o(STACK)
    STACK                                    0x20000478   Section     1024  startup_stm32f103xb.o(STACK)
    __initial_sp                             0x20000878   Data           0  startup_stm32f103xb.o(STACK)

    Global Symbols

    Symbol Name                              Value     Ov Type        Size  Object(Section)

    BuildAttributes$$THM_ISAv4$P$D$K$B$S$PE$A:L22UL41UL21$X:L11$S22US41US21$IEEE1$IW$~IW$USESV6$~STKCKD$USESV7$~SHL$OTIME$ROPI$IEEEJ$EBA8$UX$STANDARDLIB$REQ8$PRES8$EABIv2 0x00000000   Number         0  anon$$obj.o ABSOLUTE
    __fp_init_empty                          0x00000000   Number         0  fpinit_empty.o ABSOLUTE
    _printf_flags                            0x00000000   Number         0  printf_stubs.o ABSOLUTE
    _printf_return_value                     0x00000000   Number         0  printf_stubs.o ABSOLUTE
    _printf_sizespec                         0x00000000   Number         0  printf_stubs.o ABSOLUTE
    _printf_widthprec                        0x00000000   Number         0  printf_stubs.o ABSOLUTE
    __ARM_exceptions_init                     - Undefined Weak Reference
    __alloca_initialize                       - Undefined Weak Reference
    __arm_preinit_                            - Undefined Weak Reference
    __arm_relocate_pie_                       - Undefined Weak Reference
    __cpp_initialize__aeabi_                  - Undefined Weak Reference
    __cxa_finalize                            - Undefined Weak Reference
    __sigvec_lookup                           - Undefined Weak Reference
    _atexit_init                              - Undefined Weak Reference
    _call_atexit_fns                          - Undefined Weak Reference
    _clock_init                               - Undefined Weak Reference
    _fp_trap_init                             - Undefined Weak Reference
    _fp_trap_shutdown                         - Undefined Weak Reference
    _get_lc_collate                           - Undefined Weak Reference
    _get_lc_monetary                          - Undefined Weak Reference
    _get_lc_time                              - Undefined Weak Reference
    _getenv_init                              - Undefined Weak Reference
    _handle_redirection                       - Undefined Weak Reference
    _init_alloc                               - Undefined Weak Reference
    _init_user_alloc                          - Undefined Weak Reference
    _initio                                   - Undefined Weak Reference
    _printf_mbtowc                            - Undefined Weak Reference
    _printf_wc                                - Undefined Weak Reference
    _rand_init                                - Undefined Weak Reference
    _signal_finish                            - Undefined Weak Reference
    _signal_init                              - Undefined Weak Reference
    _terminate_alloc                          - Undefined Weak Reference
    _terminate_user_alloc                     - Undefined Weak Reference
    _terminateio                              - Undefined Weak Reference
    __Vectors_Size                           0x000000ec   Number         0  startup_stm32f103xb.o ABSOLUTE
    __Vectors                                0x08000000   Data           4  startup_stm32f103xb.o(RESET)
    __Vectors_End                            0x080000ec   Data           0  startup_stm32f103xb.o(RESET)
    __main                                   0x080000ed   Thumb Code     8  __main.o(!!!main)
    __scatterload                            0x080000f5   Thumb Code     0  __scatter.o(!!!scatter)
    __scatterload_rt2                        0x080000f5   Thumb Code    44  __scatter.o(!!!scatter)
    __scatterload_rt2_thumb_only             0x080000f5   Thumb Code     0  __scatter.o(!!!scatter)
    __scatterload_null                       0x08000103   Thumb Code     0  __scatter.o(!!!scatter)
    __scatterload_copy                       0x08000129   Thumb Code    26  __scatter_copy.o(!!handler_copy)
    __scatterload_zeroinit                   0x08000145   Thumb Code    28  __scatter_zi.o(!!handler_zi)
    _printf_n                                0x08000161   Thumb Code     0  _printf_n.o(.ARM.Collect$$_printf_percent$$00000001)
    _printf_percent                          0x08000161   Thumb Code     0  _printf_percent.o(.ARM.Collect$$_printf_percent$$00000000)
    _printf_p                                0x08000167   Thumb Code     0  _printf_p.o(.ARM.Collect$$_printf_percent$$00000002)
    _printf_f                                0x0800016d   Thumb Code     0  _printf_f.o(.ARM.Collect$$_printf_percent$$00000003)
    _printf_e                                0x08000173   Thumb Code     0  _printf_e.o(.ARM.Collect$$_printf_percent$$00000004)
    _printf_g                                0x08000179   Thumb Code     0  _printf_g.o(.ARM.Collect$$_printf_percent$$00000005)
    _printf_a                                0x0800017f   Thumb Code     0  _printf_a.o(.ARM.Collect$$_printf_percent$$00000006)
    _printf_ll                               0x08000185   Thumb Code     0  _printf_ll.o(.ARM.Collect$$_printf_percent$$00000007)
    _printf_i                                0x0800018f   Thumb Code     0  _printf_i.o(.ARM.Collect$$_printf_percent$$00000008)
    _printf_d                                0x08000195   Thumb Code     0  _printf_d.o(.ARM.Collect$$_printf_percent$$00000009)
    _printf_u                                0x0800019b   Thumb Code     0  _printf_u.o(.ARM.Collect$$_printf_percent$$0000000A)
    _printf_o                                0x080001a1   Thumb Code     0  _printf_o.o(.ARM.Collect$$_printf_percent$$0000000B)
    _printf_x                                0x080001a7   Thumb Code     0  _printf_x.o(.ARM.Collect$$_printf_percent$$0000000C)
    _printf_lli                              0x080001ad   Thumb Code     0  _printf_lli.o(.ARM.Collect$$_printf_percent$$0000000D)
    _printf_lld                              0x080001b3   Thumb Code     0  _printf_lld.o(.ARM.Collect$$_printf_percent$$0000000E)
    _printf_llu                              0x080001b9   Thumb Code     0  _printf_llu.o(.ARM.Collect$$_printf_percent$$0000000F)
    _printf_llo                              0x080001bf   Thumb Code     0  _printf_llo.o(.ARM.Collect$$_printf_percent$$00000010)
    _printf_llx                              0x080001c5   Thumb Code     0  _printf_llx.o(.ARM.Collect$$_printf_percent$$00000011)
    _printf_l                                0x080001cb   Thumb Code     0  _printf_l.o(.ARM.Collect$$_printf_percent$$00000012)
    _printf_c                                0x080001d5   Thumb Code     0  _printf_c.o(.ARM.Collect$$_printf_percent$$00000013)
    _printf_s                                0x080001db   Thumb Code     0  _printf_s.o(.ARM.Collect$$_printf_percent$$00000014)
    _printf_lc                               0x080001e1   Thumb Code     0  _printf_lc.o(.ARM.Collect$$_printf_percent$$00000015)
    _printf_ls                               0x080001e7   Thumb Code     0  _printf_ls.o(.ARM.Collect$$_printf_percent$$00000016)
    _printf_percent_end                      0x080001ed   Thumb Code     0  _printf_percent_end.o(.ARM.Collect$$_printf_percent$$00000017)
    __rt_lib_init                            0x080001f1   Thumb Code     0  libinit.o(.ARM.Collect$$libinit$$00000000)
    __rt_lib_init_fp_1                       0x080001f3   Thumb Code     0  libinit2.o(.ARM.Collect$$libinit$$00000002)
    __rt_lib_init_heap_1                     0x080001f3   Thumb Code     0  libinit2.o(.ARM.Collect$$libinit$$0000000C)
    __rt_lib_init_lc_common                  0x080001f3   Thumb Code     0  libinit2.o(.ARM.Collect$$libinit$$00000011)
    __rt_lib_init_preinit_1                  0x080001f3   Thumb Code     0  libinit2.o(.ARM.Collect$$libinit$$00000006)
    __rt_lib_init_rand_1                     0x080001f3   Thumb Code     0  libinit2.o(.ARM.Collect$$libinit$$00000010)
    __rt_lib_init_relocate_pie_1             0x080001f3   Thumb Code     0  libinit2.o(.ARM.Collect$$libinit$$00000004)
    __rt_lib_init_user_alloc_1               0x080001f3   Thumb Code     0  libinit2.o(.ARM.Collect$$libinit$$0000000E)
    __rt_lib_init_lc_collate_1               0x080001f9   Thumb Code     0  libinit2.o(.ARM.Collect$$libinit$$00000013)
    __rt_lib_init_lc_ctype_2                 0x080001f9   Thumb Code     0  libinit2.o(.ARM.Collect$$libinit$$00000014)
    __rt_lib_init_lc_ctype_1                 0x08000205   Thumb Code     0  libinit2.o(.ARM.Collect$$libinit$$00000015)
    __rt_lib_init_lc_monetary_1              0x08000205   Thumb Code     0  libinit2.o(.ARM.Collect$$libinit$$00000017)
    __rt_lib_init_lc_numeric_2               0x08000205   Thumb Code     0  libinit2.o(.ARM.Collect$$libinit$$00000018)
    __rt_lib_init_alloca_1                   0x0800020f   Thumb Code     0  libinit2.o(.ARM.Collect$$libinit$$00000030)
    __rt_lib_init_argv_1                     0x0800020f   Thumb Code     0  libinit2.o(.ARM.Collect$$libinit$$0000002E)
    __rt_lib_init_atexit_1                   0x0800020f   Thumb Code     0  libinit2.o(.ARM.Collect$$libinit$$0000001D)
    __rt_lib_init_clock_1                    0x0800020f   Thumb Code     0  libinit2.o(.ARM.Collect$$libinit$$00000023)
    __rt_lib_init_cpp_1                      0x0800020f   Thumb Code     0  libinit2.o(.ARM.Collect$$libinit$$00000034)
    __rt_lib_init_exceptions_1               0x0800020f   Thumb Code     0  libinit2.o(.ARM.Collect$$libinit$$00000032)
    __rt_lib_init_fp_trap_1                  0x0800020f   Thumb Code     0  libinit2.o(.ARM.Collect$$libinit$$00000021)
    __rt_lib_init_getenv_1                   0x0800020f   Thumb Code     0  libinit2.o(.ARM.Collect$$libinit$$00000025)
    __rt_lib_init_lc_numeric_1               0x0800020f   Thumb Code     0  libinit2.o(.ARM.Collect$$libinit$$00000019)
    __rt_lib_init_lc_time_1                  0x0800020f   Thumb Code     0  libinit2.o(.ARM.Collect$$libinit$$0000001B)
    __rt_lib_init_return                     0x0800020f   Thumb Code     0  libinit2.o(.ARM.Collect$$libinit$$00000035)
    __rt_lib_init_signal_1                   0x0800020f   Thumb Code     0  libinit2.o(.ARM.Collect$$libinit$$0000001F)
    __rt_lib_init_stdio_1                    0x0800020f   Thumb Code     0  libinit2.o(.ARM.Collect$$libinit$$00000027)
    __rt_lib_shutdown                        0x08000211   Thumb Code     0  libshutdown.o(.ARM.Collect$$libshutdown$$00000000)
    __rt_lib_shutdown_cpp_1                  0x08000213   Thumb Code     0  libshutdown2.o(.ARM.Collect$$libshutdown$$00000002)
    __rt_lib_shutdown_fp_trap_1              0x08000213   Thumb Code     0  libshutdown2.o(.ARM.Collect$$libshutdown$$00000007)
    __rt_lib_shutdown_heap_1                 0x08000213   Thumb Code     0  libshutdown2.o(.ARM.Collect$$libshutdown$$0000000F)
    __rt_lib_shutdown_return                 0x08000213   Thumb Code     0  libshutdown2.o(.ARM.Collect$$libshutdown$$00000010)
    __rt_lib_shutdown_signal_1               0x08000213   Thumb Code     0  libshutdown2.o(.ARM.Collect$$libshutdown$$0000000A)
    __rt_lib_shutdown_stdio_1                0x08000213   Thumb Code     0  libshutdown2.o(.ARM.Collect$$libshutdown$$00000004)
    __rt_lib_shutdown_user_alloc_1           0x08000213   Thumb Code     0  libshutdown2.o(.ARM.Collect$$libshutdown$$0000000C)
    __rt_entry                               0x08000215   Thumb Code     0  __rtentry.o(.ARM.Collect$$rtentry$$00000000)
    __rt_entry_presh_1                       0x08000215   Thumb Code     0  __rtentry2.o(.ARM.Collect$$rtentry$$00000002)
    __rt_entry_sh                            0x08000215   Thumb Code     0  __rtentry4.o(.ARM.Collect$$rtentry$$00000004)
    __rt_entry_li                            0x0800021b   Thumb Code     0  __rtentry2.o(.ARM.Collect$$rtentry$$0000000A)
    __rt_entry_postsh_1                      0x0800021b   Thumb Code     0  __rtentry2.o(.ARM.Collect$$rtentry$$00000009)
    __rt_entry_main                          0x0800021f   Thumb Code     0  __rtentry2.o(.ARM.Collect$$rtentry$$0000000D)
    __rt_entry_postli_1                      0x0800021f   Thumb Code     0  __rtentry2.o(.ARM.Collect$$rtentry$$0000000C)
    __rt_exit                                0x08000227   Thumb Code     0  rtexit.o(.ARM.Collect$$rtexit$$00000000)
    __rt_exit_ls                             0x08000229   Thumb Code     0  rtexit2.o(.ARM.Collect$$rtexit$$00000003)
    __rt_exit_prels_1                        0x08000229   Thumb Code     0  rtexit2.o(.ARM.Collect$$rtexit$$00000002)
    __rt_exit_exit                           0x0800022d   Thumb Code     0  rtexit2.o(.ARM.Collect$$rtexit$$00000004)
    Reset_Handler                            0x08000235   Thumb Code     8  startup_stm32f103xb.o(.text)
    ADC1_2_IRQHandler                        0x0800024f   Thumb Code     0  startup_stm32f103xb.o(.text)
    CAN1_RX1_IRQHandler                      0x0800024f   Thumb Code     0  startup_stm32f103xb.o(.text)
    CAN1_SCE_IRQHandler                      0x0800024f   Thumb Code     0  startup_stm32f103xb.o(.text)
    DMA1_Channel1_IRQHandler                 0x0800024f   Thumb Code     0  startup_stm32f103xb.o(.text)
    DMA1_Channel2_IRQHandler                 0x0800024f   Thumb Code     0  startup_stm32f103xb.o(.text)
    DMA1_Channel3_IRQHandler                 0x0800024f   Thumb Code     0  startup_stm32f103xb.o(.text)
    DMA1_Channel4_IRQHandler                 0x0800024f   Thumb Code     0  startup_stm32f103xb.o(.text)
    DMA1_Channel5_IRQHandler                 0x0800024f   Thumb Code     0  startup_stm32f103xb.o(.text)
    DMA1_Channel6_IRQHandler                 0x0800024f   Thumb Code     0  startup_stm32f103xb.o(.text)
    DMA1_Channel7_IRQHandler                 0x0800024f   Thumb Code     0  startup_stm32f103xb.o(.text)
    EXTI0_IRQHandler                         0x0800024f   Thumb Code     0  startup_stm32f103xb.o(.text)
    EXTI15_10_IRQHandler                     0x0800024f   Thumb Code     0  startup_stm32f103xb.o(.text)
    EXTI1_IRQHandler                         0x0800024f   Thumb Code     0  startup_stm32f103xb.o(.text)
    EXTI2_IRQHandler                         0x0800024f   Thumb Code     0  startup_stm32f103xb.o(.text)
    EXTI3_IRQHandler                         0x0800024f   Thumb Code     0  startup_stm32f103xb.o(.text)
    EXTI4_IRQHandler                         0x0800024f   Thumb Code     0  startup_stm32f103xb.o(.text)
    EXTI9_5_IRQHandler                       0x0800024f   Thumb Code     0  startup_stm32f103xb.o(.text)
    FLASH_IRQHandler                         0x0800024f   Thumb Code     0  startup_stm32f103xb.o(.text)
    I2C1_ER_IRQHandler                       0x0800024f   Thumb Code     0  startup_stm32f103xb.o(.text)
    I2C1_EV_IRQHandler                       0x0800024f   Thumb Code     0  startup_stm32f103xb.o(.text)
    I2C2_ER_IRQHandler                       0x0800024f   Thumb Code     0  startup_stm32f103xb.o(.text)
    I2C2_EV_IRQHandler                       0x0800024f   Thumb Code     0  startup_stm32f103xb.o(.text)
    PVD_IRQHandler                           0x0800024f   Thumb Code     0  startup_stm32f103xb.o(.text)
    RCC_IRQHandler                           0x0800024f   Thumb Code     0  startup_stm32f103xb.o(.text)
    RTC_Alarm_IRQHandler                     0x0800024f   Thumb Code     0  startup_stm32f103xb.o(.text)
    RTC_IRQHandler                           0x0800024f   Thumb Code     0  startup_stm32f103xb.o(.text)
    SPI1_IRQHandler                          0x0800024f   Thumb Code     0  startup_stm32f103xb.o(.text)
    SPI2_IRQHandler                          0x0800024f   Thumb Code     0  startup_stm32f103xb.o(.text)
    TAMPER_IRQHandler                        0x0800024f   Thumb Code     0  startup_stm32f103xb.o(.text)
    TIM1_BRK_IRQHandler                      0x0800024f   Thumb Code     0  startup_stm32f103xb.o(.text)
    TIM1_CC_IRQHandler                       0x0800024f   Thumb Code     0  startup_stm32f103xb.o(.text)
    TIM1_TRG_COM_IRQHandler                  0x0800024f   Thumb Code     0  startup_stm32f103xb.o(.text)
    TIM1_UP_IRQHandler                       0x0800024f   Thumb Code     0  startup_stm32f103xb.o(.text)
    TIM2_IRQHandler                          0x0800024f   Thumb Code     0  startup_stm32f103xb.o(.text)
    TIM3_IRQHandler                          0x0800024f   Thumb Code     0  startup_stm32f103xb.o(.text)
    TIM4_IRQHandler                          0x0800024f   Thumb Code     0  startup_stm32f103xb.o(.text)
    USART2_IRQHandler                        0x0800024f   Thumb Code     0  startup_stm32f103xb.o(.text)
    USART3_IRQHandler                        0x0800024f   Thumb Code     0  startup_stm32f103xb.o(.text)
    USBWakeUp_IRQHandler                     0x0800024f   Thumb Code     0  startup_stm32f103xb.o(.text)
    USB_HP_CAN1_TX_IRQHandler                0x0800024f   Thumb Code     0  startup_stm32f103xb.o(.text)
    USB_LP_CAN1_RX0_IRQHandler               0x0800024f   Thumb Code     0  startup_stm32f103xb.o(.text)
    WWDG_IRQHandler                          0x0800024f   Thumb Code     0  startup_stm32f103xb.o(.text)
    __user_initial_stackheap                 0x08000251   Thumb Code     0  startup_stm32f103xb.o(.text)
    vsprintf                                 0x08000275   Thumb Code    32  vsprintf.o(.text)
    atoi                                     0x08000299   Thumb Code    26  atoi.o(.text)
    strtok                                   0x080002b5   Thumb Code     6  strtok.o(.text)
    strlen                                   0x080002c1   Thumb Code    62  strlen.o(.text)
    strcmp                                   0x08000301   Thumb Code   128  strcmpv7m.o(.text)
    __use_two_region_memory                  0x08000381   Thumb Code     2  heapauxi.o(.text)
    __rt_heap_escrow$2region                 0x08000383   Thumb Code     2  heapauxi.o(.text)
    __rt_heap_expand$2region                 0x08000385   Thumb Code     2  heapauxi.o(.text)
    __aeabi_errno_addr                       0x08000389   Thumb Code     8  rt_errno_addr_intlibspace.o(.text)
    __errno$intlibspace                      0x08000389   Thumb Code     0  rt_errno_addr_intlibspace.o(.text)
    __rt_errno_addr$intlibspace              0x08000389   Thumb Code     0  rt_errno_addr_intlibspace.o(.text)
    _printf_pre_padding                      0x08000391   Thumb Code    44  _printf_pad.o(.text)
    _printf_post_padding                     0x080003bd   Thumb Code    34  _printf_pad.o(.text)
    _printf_truncate_signed                  0x080003df   Thumb Code    18  _printf_truncate.o(.text)
    _printf_truncate_unsigned                0x080003f1   Thumb Code    18  _printf_truncate.o(.text)
    _printf_str                              0x08000403   Thumb Code    82  _printf_str.o(.text)
    _printf_int_dec                          0x08000455   Thumb Code   104  _printf_dec.o(.text)
    _printf_charcount                        0x080004cd   Thumb Code    40  _printf_charcount.o(.text)
    _printf_char_common                      0x080004ff   Thumb Code    32  _printf_char_common.o(.text)
    _sputc                                   0x08000525   Thumb Code    10  _sputc.o(.text)
    _printf_wctomb                           0x08000531   Thumb Code   182  _printf_wctomb.o(.text)
    _printf_longlong_dec                     0x080005ed   Thumb Code   108  _printf_longlong_dec.o(.text)
    _printf_longlong_oct                     0x08000669   Thumb Code    68  _printf_oct_int_ll.o(.text)
    _printf_int_oct                          0x080006ad   Thumb Code    24  _printf_oct_int_ll.o(.text)
    _printf_ll_oct                           0x080006c5   Thumb Code    12  _printf_oct_int_ll.o(.text)
    _printf_longlong_hex                     0x080006d9   Thumb Code    86  _printf_hex_int_ll_ptr.o(.text)
    _printf_int_hex                          0x0800072f   Thumb Code    28  _printf_hex_int_ll_ptr.o(.text)
    _printf_ll_hex                           0x0800074b   Thumb Code    12  _printf_hex_int_ll_ptr.o(.text)
    _printf_hex_ptr                          0x08000757   Thumb Code    18  _printf_hex_int_ll_ptr.o(.text)
    __printf                                 0x0800076d   Thumb Code   388  __printf_flags_ss_wp.o(.text)
    strtol                                   0x080008f5   Thumb Code   112  strtol.o(.text)
    __strtok_internal                        0x08000965   Thumb Code    64  strtok_int.o(.text)
    __user_libspace                          0x080009a9   Thumb Code     8  libspace.o(.text)
    __user_perproc_libspace                  0x080009a9   Thumb Code     0  libspace.o(.text)
    __user_perthread_libspace                0x080009a9   Thumb Code     0  libspace.o(.text)
    __rt_ctype_table                         0x080009b1   Thumb Code    16  rt_ctype_table.o(.text)
    _ll_udiv10                               0x080009c1   Thumb Code   138  lludiv10.o(.text)
    _printf_int_common                       0x08000a4b   Thumb Code   178  _printf_intcommon.o(.text)
    _printf_fp_dec_real                      0x08000cad   Thumb Code   620  _printf_fp_dec.o(.text)
    _printf_fp_hex_real                      0x08000f19   Thumb Code   756  _printf_fp_hex.o(.text)
    _printf_cs_common                        0x08001215   Thumb Code    20  _printf_char.o(.text)
    _printf_char                             0x08001229   Thumb Code    16  _printf_char.o(.text)
    _printf_string                           0x08001239   Thumb Code     8  _printf_char.o(.text)
    _printf_lcs_common                       0x08001241   Thumb Code    20  _printf_wchar.o(.text)
    _printf_wchar                            0x08001255   Thumb Code    16  _printf_wchar.o(.text)
    _printf_wstring                          0x08001265   Thumb Code     8  _printf_wchar.o(.text)
    _strtoul                                 0x0800126d   Thumb Code   158  _strtoul.o(.text)
    _c16rtomb                                0x0800130b   Thumb Code    72  _c16rtomb.o(.text)
    _wcrtomb                                 0x0800130b   Thumb Code     0  _c16rtomb.o(.text)
    strcspn                                  0x08001353   Thumb Code    32  strcspn.o(.text)
    strspn                                   0x08001373   Thumb Code    28  strspn.o(.text)
    __user_setup_stackheap                   0x0800138f   Thumb Code    74  sys_stackheap_outer.o(.text)
    __rt_locale                              0x080013d9   Thumb Code     8  rt_locale_intlibspace.o(.text)
    _printf_fp_infnan                        0x080013e1   Thumb Code   112  _printf_fp_infnan.o(.text)
    _chval                                   0x08001461   Thumb Code    28  _chval.o(.text)
    _btod_etento                             0x0800147d   Thumb Code   224  bigflt0.o(.text)
    exit                                     0x08001561   Thumb Code    18  exit.o(.text)
    _sys_exit                                0x08001575   Thumb Code     8  sys_exit.o(.text)
    __I$use$semihosting                      0x08001581   Thumb Code     0  use_no_semi.o(.text)
    __use_no_semihosting_swi                 0x08001581   Thumb Code     2  use_no_semi.o(.text)
    __semihosting_library_function           0x08001583   Thumb Code     0  indicate_semi.o(.text)
    BusFault_Handler                         0x08001585   Thumb Code     2  stm32f1xx_it.o(.text.BusFault_Handler)
    DebugMon_Handler                         0x08001589   Thumb Code     2  stm32f1xx_it.o(.text.DebugMon_Handler)
    HAL_DMA_Abort                            0x0800158d   Thumb Code    70  stm32f1xx_hal_dma.o(.text.HAL_DMA_Abort)
    HAL_DMA_Abort_IT                         0x080015d5   Thumb Code   178  stm32f1xx_hal_dma.o(.text.HAL_DMA_Abort_IT)
    HAL_Delay                                0x08001689   Thumb Code    40  stm32f1xx_hal.o(.text.HAL_Delay)
    HAL_GPIO_Init                            0x080016b1   Thumb Code   538  stm32f1xx_hal_gpio.o(.text.HAL_GPIO_Init)
    HAL_GPIO_WritePin                        0x080018cd   Thumb Code    10  stm32f1xx_hal_gpio.o(.text.HAL_GPIO_WritePin)
    HAL_GetTick                              0x080018d9   Thumb Code    12  stm32f1xx_hal.o(.text.HAL_GetTick)
    HAL_I2C_Init                             0x080018e5   Thumb Code   374  stm32f1xx_hal_i2c.o(.text.HAL_I2C_Init)
    HAL_I2C_Master_Receive                   0x08001a5d   Thumb Code  1020  stm32f1xx_hal_i2c.o(.text.HAL_I2C_Master_Receive)
    HAL_I2C_Master_Transmit                  0x08001e59   Thumb Code   468  stm32f1xx_hal_i2c.o(.text.HAL_I2C_Master_Transmit)
    HAL_I2C_MspInit                          0x0800202d   Thumb Code    98  stm32f1xx_hal_msp.o(.text.HAL_I2C_MspInit)
    HAL_IncTick                              0x08002091   Thumb Code    26  stm32f1xx_hal.o(.text.HAL_IncTick)
    HAL_Init                                 0x080020ad   Thumb Code    38  stm32f1xx_hal.o(.text.HAL_Init)
    HAL_InitTick                             0x080020d5   Thumb Code    72  stm32f1xx_hal.o(.text.HAL_InitTick)
    HAL_MspInit                              0x0800211d   Thumb Code    66  stm32f1xx_hal_msp.o(.text.HAL_MspInit)
    HAL_NVIC_EnableIRQ                       0x08002161   Thumb Code    38  stm32f1xx_hal_cortex.o(.text.HAL_NVIC_EnableIRQ)
    HAL_NVIC_SetPriority                     0x08002189   Thumb Code    86  stm32f1xx_hal_cortex.o(.text.HAL_NVIC_SetPriority)
    HAL_NVIC_SetPriorityGrouping             0x080021e1   Thumb Code    32  stm32f1xx_hal_cortex.o(.text.HAL_NVIC_SetPriorityGrouping)
    HAL_RCC_ClockConfig                      0x08002201   Thumb Code   446  stm32f1xx_hal_rcc.o(.text.HAL_RCC_ClockConfig)
    HAL_RCC_GetPCLK1Freq                     0x080023c1   Thumb Code    38  stm32f1xx_hal_rcc.o(.text.HAL_RCC_GetPCLK1Freq)
    HAL_RCC_GetPCLK2Freq                     0x080023e9   Thumb Code    38  stm32f1xx_hal_rcc.o(.text.HAL_RCC_GetPCLK2Freq)
    HAL_RCC_OscConfig                        0x08002411   Thumb Code   948  stm32f1xx_hal_rcc.o(.text.HAL_RCC_OscConfig)
    HAL_SYSTICK_Config                       0x080027c5   Thumb Code    44  stm32f1xx_hal_cortex.o(.text.HAL_SYSTICK_Config)
    HAL_TIMEx_ConfigBreakDeadTime            0x080027f1   Thumb Code    76  stm32f1xx_hal_tim_ex.o(.text.HAL_TIMEx_ConfigBreakDeadTime)
    HAL_TIMEx_MasterConfigSynchronization    0x0800283d   Thumb Code   122  stm32f1xx_hal_tim_ex.o(.text.HAL_TIMEx_MasterConfigSynchronization)
    HAL_TIM_Base_Init                        0x080028b9   Thumb Code   236  stm32f1xx_hal_tim.o(.text.HAL_TIM_Base_Init)
    HAL_TIM_Base_MspInit                     0x080029a5   Thumb Code    50  stm32f1xx_hal_msp.o(.text.HAL_TIM_Base_MspInit)
    HAL_TIM_ConfigClockSource                0x080029d9   Thumb Code   412  stm32f1xx_hal_tim.o(.text.HAL_TIM_ConfigClockSource)
    HAL_TIM_MspPostInit                      0x08002b75   Thumb Code    80  stm32f1xx_hal_msp.o(.text.HAL_TIM_MspPostInit)
    HAL_TIM_PWM_ConfigChannel                0x08002bc5   Thumb Code   524  stm32f1xx_hal_tim.o(.text.HAL_TIM_PWM_ConfigChannel)
    HAL_TIM_PWM_Init                         0x08002dd1   Thumb Code   236  stm32f1xx_hal_tim.o(.text.HAL_TIM_PWM_Init)
    HAL_TIM_PWM_MspInit                      0x08002ebd   Thumb Code     2  stm32f1xx_hal_tim.o(.text.HAL_TIM_PWM_MspInit)
    HAL_TIM_PWM_Start                        0x08002ec1   Thumb Code   222  stm32f1xx_hal_tim.o(.text.HAL_TIM_PWM_Start)
    HAL_UARTEx_RxEventCallback               0x08002fa1   Thumb Code     2  stm32f1xx_hal_uart.o(.text.HAL_UARTEx_RxEventCallback)
    HAL_UART_ErrorCallback                   0x08002fa5   Thumb Code     2  stm32f1xx_hal_uart.o(.text.HAL_UART_ErrorCallback)
    HAL_UART_IRQHandler                      0x08002fa9   Thumb Code  1376  stm32f1xx_hal_uart.o(.text.HAL_UART_IRQHandler)
    HAL_UART_Init                            0x08003509   Thumb Code   226  stm32f1xx_hal_uart.o(.text.HAL_UART_Init)
    HAL_UART_MspInit                         0x080035ed   Thumb Code   138  stm32f1xx_hal_msp.o(.text.HAL_UART_MspInit)
    HAL_UART_Receive_IT                      0x08003679   Thumb Code    82  stm32f1xx_hal_uart.o(.text.HAL_UART_Receive_IT)
    HAL_UART_RxCpltCallback                  0x080036cd   Thumb Code    44  main.o(.text.HAL_UART_RxCpltCallback)
    HAL_UART_Transmit                        0x080036f9   Thumb Code   632  stm32f1xx_hal_uart.o(.text.HAL_UART_Transmit)
    HAL_UART_TxCpltCallback                  0x08003971   Thumb Code     2  stm32f1xx_hal_uart.o(.text.HAL_UART_TxCpltCallback)
    HardFault_Handler                        0x08003975   Thumb Code     2  stm32f1xx_it.o(.text.HardFault_Handler)
    MemManage_Handler                        0x08003e3d   Thumb Code     2  stm32f1xx_it.o(.text.MemManage_Handler)
    NMI_Handler                              0x08003e41   Thumb Code     2  stm32f1xx_it.o(.text.NMI_Handler)
    PendSV_Handler                           0x08003e45   Thumb Code     2  stm32f1xx_it.o(.text.PendSV_Handler)
    SVC_Handler                              0x08003e49   Thumb Code     2  stm32f1xx_it.o(.text.SVC_Handler)
    SysTick_Handler                          0x08003e4d   Thumb Code     4  stm32f1xx_it.o(.text.SysTick_Handler)
    SystemInit                               0x08003e51   Thumb Code     2  system_stm32f1xx.o(.text.SystemInit)
    Time3231_handle_data_time                0x08003e55   Thumb Code    12  time_service.o(.text.Time3231_handle_data_time)
    Time3231_init_I2C                        0x08003e61   Thumb Code    12  time3231.o(.text.Time3231_init_I2C)
    Time3231_init_RTC                        0x08003e6d   Thumb Code    30  time3231.o(.text.Time3231_init_RTC)
    Time3231_read_RTC                        0x08003e8d   Thumb Code   202  time3231.o(.text.Time3231_read_RTC)
    Time3231_write_RTC                       0x08003f59   Thumb Code   228  time3231.o(.text.Time3231_write_RTC)
    USART1_IRQHandler                        0x08004149   Thumb Code    12  stm32f1xx_it.o(.text.USART1_IRQHandler)
    UsageFault_Handler                       0x08004155   Thumb Code     2  stm32f1xx_it.o(.text.UsageFault_Handler)
    cli_command_execute                      0x08004159   Thumb Code   128  cli_commands.o(.text.cli_command_execute)
    dutyToPwm                                0x080041e5   Thumb Code    50  pwm.o(.text.dutyToPwm)
    fan_init                                 0x08004219   Thumb Code    32  fan_service.o(.text.fan_init)
    fan_service_turn_off                     0x08004239   Thumb Code    48  fan_service.o(.text.fan_service_turn_off)
    fan_service_turn_on                      0x08004271   Thumb Code    56  fan_service.o(.text.fan_service_turn_on)
    led7_anot_display_1                      0x080042b1   Thumb Code   212  led7.o(.text.led7_anot_display_1)
    led7_anot_display_4                      0x08004399   Thumb Code    88  led7.o(.text.led7_anot_display_4)
    led_service_turn_off                     0x080043f1   Thumb Code    48  led_service.o(.text.led_service_turn_off)
    led_service_turn_on                      0x08004429   Thumb Code    48  led_service.o(.text.led_service_turn_on)
    main                                     0x08004461   Thumb Code   742  main.o(.text.main)
    motor_control                            0x08004749   Thumb Code   238  motor.o(.text.motor_control)
    motor_init                               0x08004839   Thumb Code    12  motor.o(.text.motor_init)
    response_init                            0x08004845   Thumb Code    12  response.o(.text.response_init)
    response_printf                          0x08004851   Thumb Code    64  response.o(.text.response_printf)
    time_service_getTime                     0x08004891   Thumb Code    28  time_service.o(.text.time_service_getTime)
    time_service_get_response                0x080048cd   Thumb Code   224  time_service.o(.text.time_service_get_response)
    time_service_setTime                     0x08004a45   Thumb Code    16  time_service.o(.text.time_service_setTime)
    time_service_set_response                0x08004a75   Thumb Code   128  time_service.o(.text.time_service_set_response)
    uart_handle                              0x08004b05   Thumb Code    32  uart.o(.text.uart_handle)
    uart_receive                             0x08004b25   Thumb Code    38  uart.o(.text.uart_receive)
    _btod_d2e                                0x08004b4b   Thumb Code    62  btod.o(CL$$btod_d2e)
    _d2e_denorm_low                          0x08004b89   Thumb Code    70  btod.o(CL$$btod_d2e_denorm_low)
    _d2e_norm_op1                            0x08004bcf   Thumb Code    96  btod.o(CL$$btod_d2e_norm_op1)
    __btod_div_common                        0x08004c31   Thumb Code   696  btod.o(CL$$btod_div_common)
    _e2e                                     0x08004f69   Thumb Code   220  btod.o(CL$$btod_e2e)
    _btod_ediv                               0x08005045   Thumb Code    42  btod.o(CL$$btod_ediv)
    _btod_emul                               0x0800506f   Thumb Code    42  btod.o(CL$$btod_emul)
    __btod_mult_common                       0x08005099   Thumb Code   580  btod.o(CL$$btod_mult_common)
    __ARM_fpclassify                         0x080052dd   Thumb Code    40  fpclassify.o(i.__ARM_fpclassify)
    _is_digit                                0x08005305   Thumb Code    14  __printf_wp.o(i._is_digit)
    _get_lc_ctype                            0x08005315   Thumb Code    44  lc_ctype_c.o(locale$$code)
    _get_lc_numeric                          0x08005341   Thumb Code    44  lc_numeric_c.o(locale$$code)
    __aeabi_ddiv                             0x0800536d   Thumb Code     0  ddiv.o(x$fpl$ddiv)
    _ddiv                                    0x0800536d   Thumb Code   556  ddiv.o(x$fpl$ddiv)
    __aeabi_d2iz                             0x08005621   Thumb Code     0  dfix.o(x$fpl$dfix)
    _dfix                                    0x08005621   Thumb Code    94  dfix.o(x$fpl$dfix)
    __aeabi_ui2d                             0x0800567f   Thumb Code     0  dflt_clz.o(x$fpl$dfltu)
    _dfltu                                   0x0800567f   Thumb Code    38  dflt_clz.o(x$fpl$dfltu)
    __aeabi_dmul                             0x080056a5   Thumb Code     0  dmul.o(x$fpl$dmul)
    _dmul                                    0x080056a5   Thumb Code   332  dmul.o(x$fpl$dmul)
    __fpl_dnaninf                            0x080057f9   Thumb Code   156  dnaninf.o(x$fpl$dnaninf)
    __fpl_dretinf                            0x08005895   Thumb Code    12  dretinf.o(x$fpl$dretinf)
    _printf_fp_dec                           0x080058a1   Thumb Code     4  printf1.o(x$fpl$printf1)
    _printf_fp_hex                           0x080058a5   Thumb Code     4  printf2.o(x$fpl$printf2)
    __I$use$fp                               0x080058a8   Number         0  usenofp.o(x$fpl$usenofp)
    AHBPrescTable                            0x080059a4   Data          16  system_stm32f1xx.o(.rodata.AHBPrescTable)
    APBPrescTable                            0x080059b4   Data           8  system_stm32f1xx.o(.rodata.APBPrescTable)
    Region$$Table$$Base                      0x08005a64   Number         0  anon$$obj.o(Region$$Table)
    Region$$Table$$Limit                     0x08005a84   Number         0  anon$$obj.o(Region$$Table)
    __ctype                                  0x08005a91   Data           0  lc_ctype_c.o(locale$$data)
    uwTickFreq                               0x20000004   Data           1  stm32f1xx_hal.o(.data..L_MergedGlobals)
    uwTickPrio                               0x20000008   Data           4  stm32f1xx_hal.o(.data..L_MergedGlobals)
    SystemCoreClock                          0x2000000c   Data           4  system_stm32f1xx.o(.data.SystemCoreClock)
    cli_table                                0x20000010   Data          84  cli_table.o(.data.cli_table)
    __libspace_start                         0x20000068   Data          96  libspace.o(.bss)
    __temporary_stack_top$libspace           0x200000c8   Data           0  libspace.o(.bss)
    buff_rx                                  0x200000c8   Data           1  main.o(.bss..L_MergedGlobals)
    LED1                                     0x200000c9   Data           1  main.o(.bss..L_MergedGlobals)
    LED2                                     0x200000ca   Data           1  main.o(.bss..L_MergedGlobals)
    LED3                                     0x200000cb   Data           1  main.o(.bss..L_MergedGlobals)
    LED4                                     0x200000cc   Data           1  main.o(.bss..L_MergedGlobals)
    rtc_3231                                 0x200000cd   Data           7  main.o(.bss..L_MergedGlobals)
    motor                                    0x200000d4   Data          20  main.o(.bss..L_MergedGlobals)
    huart1                                   0x200000e8   Data          72  main.o(.bss..L_MergedGlobals)
    argv_leng                                0x20000130   Data           1  cli_commands.o(.bss..L_MergedGlobals)
    pt_find                                  0x20000134   Data           4  cli_commands.o(.bss..L_MergedGlobals)
    argv                                     0x20000138   Data          40  cli_commands.o(.bss..L_MergedGlobals)
    data_time                                0x200001c8   Data           4  time_service.o(.bss.data_time)
    hi2c1                                    0x200001d0   Data          84  main.o(.bss.hi2c1)
    htim1                                    0x20000224   Data          72  main.o(.bss.htim1)
    response_uart                            0x20000270   Data           4  response.o(.bss.response_uart)
    uwTick                                   0x20000274   Data           4  stm32f1xx_hal.o(.bss.uwTick)



==============================================================================

Memory Map of the image

  Image Entry point : 0x080000ed

  Load Region LR_IROM1 (Base: 0x08000000, Size: 0x00005c18, Max: 0x00010000, ABSOLUTE)

    Execution Region ER_IROM1 (Exec base: 0x08000000, Load base: 0x08000000, Size: 0x00005bb0, Max: 0x00010000, ABSOLUTE)

    Exec Addr    Load Addr    Size         Type   Attr      Idx    E Section Name        Object

    0x08000000   0x08000000   0x000000ec   Data   RO            3    RESET               startup_stm32f103xb.o
    0x080000ec   0x080000ec   0x00000008   Code   RO         1222  * !!!main             c_w.l(__main.o)
    0x080000f4   0x080000f4   0x00000034   Code   RO         1598    !!!scatter          c_w.l(__scatter.o)
    0x08000128   0x08000128   0x0000001a   Code   RO         1600    !!handler_copy      c_w.l(__scatter_copy.o)
    0x08000142   0x08000142   0x00000002   PAD
    0x08000144   0x08000144   0x0000001c   Code   RO         1602    !!handler_zi        c_w.l(__scatter_zi.o)
    0x08000160   0x08000160   0x00000000   Code   RO         1329    .ARM.Collect$$_printf_percent$$00000000  c_w.l(_printf_percent.o)
    0x08000160   0x08000160   0x00000006   Code   RO         1318    .ARM.Collect$$_printf_percent$$00000001  c_w.l(_printf_n.o)
    0x08000166   0x08000166   0x00000006   Code   RO         1320    .ARM.Collect$$_printf_percent$$00000002  c_w.l(_printf_p.o)
    0x0800016c   0x0800016c   0x00000006   Code   RO         1325    .ARM.Collect$$_printf_percent$$00000003  c_w.l(_printf_f.o)
    0x08000172   0x08000172   0x00000006   Code   RO         1326    .ARM.Collect$$_printf_percent$$00000004  c_w.l(_printf_e.o)
    0x08000178   0x08000178   0x00000006   Code   RO         1327    .ARM.Collect$$_printf_percent$$00000005  c_w.l(_printf_g.o)
    0x0800017e   0x0800017e   0x00000006   Code   RO         1328    .ARM.Collect$$_printf_percent$$00000006  c_w.l(_printf_a.o)
    0x08000184   0x08000184   0x0000000a   Code   RO         1333    .ARM.Collect$$_printf_percent$$00000007  c_w.l(_printf_ll.o)
    0x0800018e   0x0800018e   0x00000006   Code   RO         1322    .ARM.Collect$$_printf_percent$$00000008  c_w.l(_printf_i.o)
    0x08000194   0x08000194   0x00000006   Code   RO         1323    .ARM.Collect$$_printf_percent$$00000009  c_w.l(_printf_d.o)
    0x0800019a   0x0800019a   0x00000006   Code   RO         1324    .ARM.Collect$$_printf_percent$$0000000A  c_w.l(_printf_u.o)
    0x080001a0   0x080001a0   0x00000006   Code   RO         1321    .ARM.Collect$$_printf_percent$$0000000B  c_w.l(_printf_o.o)
    0x080001a6   0x080001a6   0x00000006   Code   RO         1319    .ARM.Collect$$_printf_percent$$0000000C  c_w.l(_printf_x.o)
    0x080001ac   0x080001ac   0x00000006   Code   RO         1330    .ARM.Collect$$_printf_percent$$0000000D  c_w.l(_printf_lli.o)
    0x080001b2   0x080001b2   0x00000006   Code   RO         1331    .ARM.Collect$$_printf_percent$$0000000E  c_w.l(_printf_lld.o)
    0x080001b8   0x080001b8   0x00000006   Code   RO         1332    .ARM.Collect$$_printf_percent$$0000000F  c_w.l(_printf_llu.o)
    0x080001be   0x080001be   0x00000006   Code   RO         1337    .ARM.Collect$$_printf_percent$$00000010  c_w.l(_printf_llo.o)
    0x080001c4   0x080001c4   0x00000006   Code   RO         1338    .ARM.Collect$$_printf_percent$$00000011  c_w.l(_printf_llx.o)
    0x080001ca   0x080001ca   0x0000000a   Code   RO         1334    .ARM.Collect$$_printf_percent$$00000012  c_w.l(_printf_l.o)
    0x080001d4   0x080001d4   0x00000006   Code   RO         1316    .ARM.Collect$$_printf_percent$$00000013  c_w.l(_printf_c.o)
    0x080001da   0x080001da   0x00000006   Code   RO         1317    .ARM.Collect$$_printf_percent$$00000014  c_w.l(_printf_s.o)
    0x080001e0   0x080001e0   0x00000006   Code   RO         1335    .ARM.Collect$$_printf_percent$$00000015  c_w.l(_printf_lc.o)
    0x080001e6   0x080001e6   0x00000006   Code   RO         1336    .ARM.Collect$$_printf_percent$$00000016  c_w.l(_printf_ls.o)
    0x080001ec   0x080001ec   0x00000004   Code   RO         1395    .ARM.Collect$$_printf_percent$$00000017  c_w.l(_printf_percent_end.o)
    0x080001f0   0x080001f0   0x00000002   Code   RO         1455    .ARM.Collect$$libinit$$00000000  c_w.l(libinit.o)
    0x080001f2   0x080001f2   0x00000000   Code   RO         1465    .ARM.Collect$$libinit$$00000002  c_w.l(libinit2.o)
    0x080001f2   0x080001f2   0x00000000   Code   RO         1467    .ARM.Collect$$libinit$$00000004  c_w.l(libinit2.o)
    0x080001f2   0x080001f2   0x00000000   Code   RO         1469    .ARM.Collect$$libinit$$00000006  c_w.l(libinit2.o)
    0x080001f2   0x080001f2   0x00000000   Code   RO         1472    .ARM.Collect$$libinit$$0000000C  c_w.l(libinit2.o)
    0x080001f2   0x080001f2   0x00000000   Code   RO         1474    .ARM.Collect$$libinit$$0000000E  c_w.l(libinit2.o)
    0x080001f2   0x080001f2   0x00000000   Code   RO         1476    .ARM.Collect$$libinit$$00000010  c_w.l(libinit2.o)
    0x080001f2   0x080001f2   0x00000006   Code   RO         1477    .ARM.Collect$$libinit$$00000011  c_w.l(libinit2.o)
    0x080001f8   0x080001f8   0x00000000   Code   RO         1479    .ARM.Collect$$libinit$$00000013  c_w.l(libinit2.o)
    0x080001f8   0x080001f8   0x0000000c   Code   RO         1480    .ARM.Collect$$libinit$$00000014  c_w.l(libinit2.o)
    0x08000204   0x08000204   0x00000000   Code   RO         1481    .ARM.Collect$$libinit$$00000015  c_w.l(libinit2.o)
    0x08000204   0x08000204   0x00000000   Code   RO         1483    .ARM.Collect$$libinit$$00000017  c_w.l(libinit2.o)
    0x08000204   0x08000204   0x0000000a   Code   RO         1484    .ARM.Collect$$libinit$$00000018  c_w.l(libinit2.o)
    0x0800020e   0x0800020e   0x00000000   Code   RO         1485    .ARM.Collect$$libinit$$00000019  c_w.l(libinit2.o)
    0x0800020e   0x0800020e   0x00000000   Code   RO         1487    .ARM.Collect$$libinit$$0000001B  c_w.l(libinit2.o)
    0x0800020e   0x0800020e   0x00000000   Code   RO         1489    .ARM.Collect$$libinit$$0000001D  c_w.l(libinit2.o)
    0x0800020e   0x0800020e   0x00000000   Code   RO         1491    .ARM.Collect$$libinit$$0000001F  c_w.l(libinit2.o)
    0x0800020e   0x0800020e   0x00000000   Code   RO         1493    .ARM.Collect$$libinit$$00000021  c_w.l(libinit2.o)
    0x0800020e   0x0800020e   0x00000000   Code   RO         1495    .ARM.Collect$$libinit$$00000023  c_w.l(libinit2.o)
    0x0800020e   0x0800020e   0x00000000   Code   RO         1497    .ARM.Collect$$libinit$$00000025  c_w.l(libinit2.o)
    0x0800020e   0x0800020e   0x00000000   Code   RO         1499    .ARM.Collect$$libinit$$00000027  c_w.l(libinit2.o)
    0x0800020e   0x0800020e   0x00000000   Code   RO         1503    .ARM.Collect$$libinit$$0000002E  c_w.l(libinit2.o)
    0x0800020e   0x0800020e   0x00000000   Code   RO         1505    .ARM.Collect$$libinit$$00000030  c_w.l(libinit2.o)
    0x0800020e   0x0800020e   0x00000000   Code   RO         1507    .ARM.Collect$$libinit$$00000032  c_w.l(libinit2.o)
    0x0800020e   0x0800020e   0x00000000   Code   RO         1509    .ARM.Collect$$libinit$$00000034  c_w.l(libinit2.o)
    0x0800020e   0x0800020e   0x00000002   Code   RO         1510    .ARM.Collect$$libinit$$00000035  c_w.l(libinit2.o)
    0x08000210   0x08000210   0x00000002   Code   RO         1534    .ARM.Collect$$libshutdown$$00000000  c_w.l(libshutdown.o)
    0x08000212   0x08000212   0x00000000   Code   RO         1549    .ARM.Collect$$libshutdown$$00000002  c_w.l(libshutdown2.o)
    0x08000212   0x08000212   0x00000000   Code   RO         1551    .ARM.Collect$$libshutdown$$00000004  c_w.l(libshutdown2.o)
    0x08000212   0x08000212   0x00000000   Code   RO         1554    .ARM.Collect$$libshutdown$$00000007  c_w.l(libshutdown2.o)
    0x08000212   0x08000212   0x00000000   Code   RO         1557    .ARM.Collect$$libshutdown$$0000000A  c_w.l(libshutdown2.o)
    0x08000212   0x08000212   0x00000000   Code   RO         1559    .ARM.Collect$$libshutdown$$0000000C  c_w.l(libshutdown2.o)
    0x08000212   0x08000212   0x00000000   Code   RO         1562    .ARM.Collect$$libshutdown$$0000000F  c_w.l(libshutdown2.o)
    0x08000212   0x08000212   0x00000002   Code   RO         1563    .ARM.Collect$$libshutdown$$00000010  c_w.l(libshutdown2.o)
    0x08000214   0x08000214   0x00000000   Code   RO         1242    .ARM.Collect$$rtentry$$00000000  c_w.l(__rtentry.o)
    0x08000214   0x08000214   0x00000000   Code   RO         1362    .ARM.Collect$$rtentry$$00000002  c_w.l(__rtentry2.o)
    0x08000214   0x08000214   0x00000006   Code   RO         1374    .ARM.Collect$$rtentry$$00000004  c_w.l(__rtentry4.o)
    0x0800021a   0x0800021a   0x00000000   Code   RO         1364    .ARM.Collect$$rtentry$$00000009  c_w.l(__rtentry2.o)
    0x0800021a   0x0800021a   0x00000004   Code   RO         1365    .ARM.Collect$$rtentry$$0000000A  c_w.l(__rtentry2.o)
    0x0800021e   0x0800021e   0x00000000   Code   RO         1367    .ARM.Collect$$rtentry$$0000000C  c_w.l(__rtentry2.o)
    0x0800021e   0x0800021e   0x00000008   Code   RO         1368    .ARM.Collect$$rtentry$$0000000D  c_w.l(__rtentry2.o)
    0x08000226   0x08000226   0x00000002   Code   RO         1460    .ARM.Collect$$rtexit$$00000000  c_w.l(rtexit.o)
    0x08000228   0x08000228   0x00000000   Code   RO         1512    .ARM.Collect$$rtexit$$00000002  c_w.l(rtexit2.o)
    0x08000228   0x08000228   0x00000004   Code   RO         1513    .ARM.Collect$$rtexit$$00000003  c_w.l(rtexit2.o)
    0x0800022c   0x0800022c   0x00000006   Code   RO         1514    .ARM.Collect$$rtexit$$00000004  c_w.l(rtexit2.o)
    0x08000232   0x08000232   0x00000002   PAD
    0x08000234   0x08000234   0x00000040   Code   RO            4    .text               startup_stm32f103xb.o
    0x08000274   0x08000274   0x00000024   Code   RO         1209    .text               c_w.l(vsprintf.o)
    0x08000298   0x08000298   0x0000001a   Code   RO         1211    .text               c_w.l(atoi.o)
    0x080002b2   0x080002b2   0x00000002   PAD
    0x080002b4   0x080002b4   0x0000000c   Code   RO         1213    .text               c_w.l(strtok.o)
    0x080002c0   0x080002c0   0x0000003e   Code   RO         1216    .text               c_w.l(strlen.o)
    0x080002fe   0x080002fe   0x00000002   PAD
    0x08000300   0x08000300   0x00000080   Code   RO         1218    .text               c_w.l(strcmpv7m.o)
    0x08000380   0x08000380   0x00000006   Code   RO         1220    .text               c_w.l(heapauxi.o)
    0x08000386   0x08000386   0x00000002   PAD
    0x08000388   0x08000388   0x00000008   Code   RO         1246    .text               c_w.l(rt_errno_addr_intlibspace.o)
    0x08000390   0x08000390   0x0000004e   Code   RO         1250    .text               c_w.l(_printf_pad.o)
    0x080003de   0x080003de   0x00000024   Code   RO         1252    .text               c_w.l(_printf_truncate.o)
    0x08000402   0x08000402   0x00000052   Code   RO         1254    .text               c_w.l(_printf_str.o)
    0x08000454   0x08000454   0x00000078   Code   RO         1256    .text               c_w.l(_printf_dec.o)
    0x080004cc   0x080004cc   0x00000028   Code   RO         1258    .text               c_w.l(_printf_charcount.o)
    0x080004f4   0x080004f4   0x00000030   Code   RO         1260    .text               c_w.l(_printf_char_common.o)
    0x08000524   0x08000524   0x0000000a   Code   RO         1262    .text               c_w.l(_sputc.o)
    0x0800052e   0x0800052e   0x00000002   PAD
    0x08000530   0x08000530   0x000000bc   Code   RO         1264    .text               c_w.l(_printf_wctomb.o)
    0x080005ec   0x080005ec   0x0000007c   Code   RO         1267    .text               c_w.l(_printf_longlong_dec.o)
    0x08000668   0x08000668   0x00000070   Code   RO         1273    .text               c_w.l(_printf_oct_int_ll.o)
    0x080006d8   0x080006d8   0x00000094   Code   RO         1293    .text               c_w.l(_printf_hex_int_ll_ptr.o)
    0x0800076c   0x0800076c   0x00000188   Code   RO         1313    .text               c_w.l(__printf_flags_ss_wp.o)
    0x080008f4   0x080008f4   0x00000070   Code   RO         1339    .text               c_w.l(strtol.o)
    0x08000964   0x08000964   0x00000044   Code   RO         1341    .text               c_w.l(strtok_int.o)
    0x080009a8   0x080009a8   0x00000008   Code   RO         1358    .text               c_w.l(libspace.o)
    0x080009b0   0x080009b0   0x00000010   Code   RO         1376    .text               c_w.l(rt_ctype_table.o)
    0x080009c0   0x080009c0   0x0000008a   Code   RO         1378    .text               c_w.l(lludiv10.o)
    0x08000a4a   0x08000a4a   0x000000b2   Code   RO         1380    .text               c_w.l(_printf_intcommon.o)
    0x08000afc   0x08000afc   0x0000041c   Code   RO         1382    .text               c_w.l(_printf_fp_dec.o)
    0x08000f18   0x08000f18   0x000002fc   Code   RO         1386    .text               c_w.l(_printf_fp_hex.o)
    0x08001214   0x08001214   0x0000002c   Code   RO         1391    .text               c_w.l(_printf_char.o)
    0x08001240   0x08001240   0x0000002c   Code   RO         1393    .text               c_w.l(_printf_wchar.o)
    0x0800126c   0x0800126c   0x0000009e   Code   RO         1396    .text               c_w.l(_strtoul.o)
    0x0800130a   0x0800130a   0x00000048   Code   RO         1398    .text               c_w.l(_c16rtomb.o)
    0x08001352   0x08001352   0x00000020   Code   RO         1400    .text               c_w.l(strcspn.o)
    0x08001372   0x08001372   0x0000001c   Code   RO         1402    .text               c_w.l(strspn.o)
    0x0800138e   0x0800138e   0x0000004a   Code   RO         1404    .text               c_w.l(sys_stackheap_outer.o)
    0x080013d8   0x080013d8   0x00000008   Code   RO         1409    .text               c_w.l(rt_locale_intlibspace.o)
    0x080013e0   0x080013e0   0x00000080   Code   RO         1411    .text               c_w.l(_printf_fp_infnan.o)
    0x08001460   0x08001460   0x0000001c   Code   RO         1413    .text               c_w.l(_chval.o)
    0x0800147c   0x0800147c   0x000000e4   Code   RO         1415    .text               c_w.l(bigflt0.o)
    0x08001560   0x08001560   0x00000012   Code   RO         1448    .text               c_w.l(exit.o)
    0x08001572   0x08001572   0x00000002   PAD
    0x08001574   0x08001574   0x0000000c   Code   RO         1524    .text               c_w.l(sys_exit.o)
    0x08001580   0x08001580   0x00000002   Code   RO         1539    .text               c_w.l(use_no_semi.o)
    0x08001582   0x08001582   0x00000000   Code   RO         1541    .text               c_w.l(indicate_semi.o)
    0x08001582   0x08001582   0x00000002   PAD
    0x08001584   0x08001584   0x00000002   Code   RO           37    .text.BusFault_Handler  stm32f1xx_it.o
    0x08001586   0x08001586   0x00000002   PAD
    0x08001588   0x08001588   0x00000002   Code   RO           43    .text.DebugMon_Handler  stm32f1xx_it.o
    0x0800158a   0x0800158a   0x00000002   PAD
    0x0800158c   0x0800158c   0x00000046   Code   RO          378    .text.HAL_DMA_Abort  stm32f1xx_hal_dma.o
    0x080015d2   0x080015d2   0x00000002   PAD
    0x080015d4   0x080015d4   0x000000b2   Code   RO          380    .text.HAL_DMA_Abort_IT  stm32f1xx_hal_dma.o
    0x08001686   0x08001686   0x00000002   PAD
    0x08001688   0x08001688   0x00000028   Code   RO          254    .text.HAL_Delay     stm32f1xx_hal.o
    0x080016b0   0x080016b0   0x0000021a   Code   RO          346    .text.HAL_GPIO_Init  stm32f1xx_hal_gpio.o
    0x080018ca   0x080018ca   0x00000002   PAD
    0x080018cc   0x080018cc   0x0000000a   Code   RO          352    .text.HAL_GPIO_WritePin  stm32f1xx_hal_gpio.o
    0x080018d6   0x080018d6   0x00000002   PAD
    0x080018d8   0x080018d8   0x0000000c   Code   RO          246    .text.HAL_GetTick   stm32f1xx_hal.o
    0x080018e4   0x080018e4   0x00000176   Code   RO           96    .text.HAL_I2C_Init  stm32f1xx_hal_i2c.o
    0x08001a5a   0x08001a5a   0x00000002   PAD
    0x08001a5c   0x08001a5c   0x000003fc   Code   RO          112    .text.HAL_I2C_Master_Receive  stm32f1xx_hal_i2c.o
    0x08001e58   0x08001e58   0x000001d4   Code   RO          104    .text.HAL_I2C_Master_Transmit  stm32f1xx_hal_i2c.o
    0x0800202c   0x0800202c   0x00000062   Code   RO           60    .text.HAL_I2C_MspInit  stm32f1xx_hal_msp.o
    0x0800208e   0x0800208e   0x00000002   PAD
    0x08002090   0x08002090   0x0000001a   Code   RO          244    .text.HAL_IncTick   stm32f1xx_hal.o
    0x080020aa   0x080020aa   0x00000002   PAD
    0x080020ac   0x080020ac   0x00000026   Code   RO          234    .text.HAL_Init      stm32f1xx_hal.o
    0x080020d2   0x080020d2   0x00000002   PAD
    0x080020d4   0x080020d4   0x00000048   Code   RO          236    .text.HAL_InitTick  stm32f1xx_hal.o
    0x0800211c   0x0800211c   0x00000042   Code   RO           58    .text.HAL_MspInit   stm32f1xx_hal_msp.o
    0x0800215e   0x0800215e   0x00000002   PAD
    0x08002160   0x08002160   0x00000026   Code   RO          406    .text.HAL_NVIC_EnableIRQ  stm32f1xx_hal_cortex.o
    0x08002186   0x08002186   0x00000002   PAD
    0x08002188   0x08002188   0x00000056   Code   RO          404    .text.HAL_NVIC_SetPriority  stm32f1xx_hal_cortex.o
    0x080021de   0x080021de   0x00000002   PAD
    0x080021e0   0x080021e0   0x00000020   Code   RO          402    .text.HAL_NVIC_SetPriorityGrouping  stm32f1xx_hal_cortex.o
    0x08002200   0x08002200   0x000001be   Code   RO          298    .text.HAL_RCC_ClockConfig  stm32f1xx_hal_rcc.o
    0x080023be   0x080023be   0x00000002   PAD
    0x080023c0   0x080023c0   0x00000026   Code   RO          310    .text.HAL_RCC_GetPCLK1Freq  stm32f1xx_hal_rcc.o
    0x080023e6   0x080023e6   0x00000002   PAD
    0x080023e8   0x080023e8   0x00000026   Code   RO          312    .text.HAL_RCC_GetPCLK2Freq  stm32f1xx_hal_rcc.o
    0x0800240e   0x0800240e   0x00000002   PAD
    0x08002410   0x08002410   0x000003b4   Code   RO          296    .text.HAL_RCC_OscConfig  stm32f1xx_hal_rcc.o
    0x080027c4   0x080027c4   0x0000002c   Code   RO          414    .text.HAL_SYSTICK_Config  stm32f1xx_hal_cortex.o
    0x080027f0   0x080027f0   0x0000004c   Code   RO          864    .text.HAL_TIMEx_ConfigBreakDeadTime  stm32f1xx_hal_tim_ex.o
    0x0800283c   0x0800283c   0x0000007a   Code   RO          862    .text.HAL_TIMEx_MasterConfigSynchronization  stm32f1xx_hal_tim_ex.o
    0x080028b6   0x080028b6   0x00000002   PAD
    0x080028b8   0x080028b8   0x000000ec   Code   RO          567    .text.HAL_TIM_Base_Init  stm32f1xx_hal_tim.o
    0x080029a4   0x080029a4   0x00000032   Code   RO           64    .text.HAL_TIM_Base_MspInit  stm32f1xx_hal_msp.o
    0x080029d6   0x080029d6   0x00000002   PAD
    0x080029d8   0x080029d8   0x0000019c   Code   RO          747    .text.HAL_TIM_ConfigClockSource  stm32f1xx_hal_tim.o
    0x08002b74   0x08002b74   0x00000050   Code   RO           66    .text.HAL_TIM_MspPostInit  stm32f1xx_hal_msp.o
    0x08002bc4   0x08002bc4   0x0000020c   Code   RO          721    .text.HAL_TIM_PWM_ConfigChannel  stm32f1xx_hal_tim.o
    0x08002dd0   0x08002dd0   0x000000ec   Code   RO          621    .text.HAL_TIM_PWM_Init  stm32f1xx_hal_tim.o
    0x08002ebc   0x08002ebc   0x00000002   Code   RO          623    .text.HAL_TIM_PWM_MspInit  stm32f1xx_hal_tim.o
    0x08002ebe   0x08002ebe   0x00000002   PAD
    0x08002ec0   0x08002ec0   0x000000de   Code   RO          629    .text.HAL_TIM_PWM_Start  stm32f1xx_hal_tim.o
    0x08002f9e   0x08002f9e   0x00000002   PAD
    0x08002fa0   0x08002fa0   0x00000002   Code   RO          970    .text.HAL_UARTEx_RxEventCallback  stm32f1xx_hal_uart.o
    0x08002fa2   0x08002fa2   0x00000002   PAD
    0x08002fa4   0x08002fa4   0x00000002   Code   RO          968    .text.HAL_UART_ErrorCallback  stm32f1xx_hal_uart.o
    0x08002fa6   0x08002fa6   0x00000002   PAD
    0x08002fa8   0x08002fa8   0x00000560   Code   RO          962    .text.HAL_UART_IRQHandler  stm32f1xx_hal_uart.o
    0x08003508   0x08003508   0x000000e2   Code   RO          886    .text.HAL_UART_Init  stm32f1xx_hal_uart.o
    0x080035ea   0x080035ea   0x00000002   PAD
    0x080035ec   0x080035ec   0x0000008a   Code   RO           70    .text.HAL_UART_MspInit  stm32f1xx_hal_msp.o
    0x08003676   0x08003676   0x00000002   PAD
    0x08003678   0x08003678   0x00000052   Code   RO          906    .text.HAL_UART_Receive_IT  stm32f1xx_hal_uart.o
    0x080036ca   0x080036ca   0x00000002   PAD
    0x080036cc   0x080036cc   0x0000002c   Code   RO           11    .text.HAL_UART_RxCpltCallback  main.o
    0x080036f8   0x080036f8   0x00000278   Code   RO          900    .text.HAL_UART_Transmit  stm32f1xx_hal_uart.o
    0x08003970   0x08003970   0x00000002   Code   RO          972    .text.HAL_UART_TxCpltCallback  stm32f1xx_hal_uart.o
    0x08003972   0x08003972   0x00000002   PAD
    0x08003974   0x08003974   0x00000002   Code   RO           33    .text.HardFault_Handler  stm32f1xx_it.o
    0x08003976   0x08003976   0x00000002   PAD
    0x08003978   0x08003978   0x000000be   Code   RO          110    .text.I2C_WaitOnBTFFlagUntilTimeout  stm32f1xx_hal_i2c.o
    0x08003a36   0x08003a36   0x00000002   PAD
    0x08003a38   0x08003a38   0x000001d2   Code   RO          106    .text.I2C_WaitOnFlagUntilTimeout  stm32f1xx_hal_i2c.o
    0x08003c0a   0x08003c0a   0x00000002   PAD
    0x08003c0c   0x08003c0c   0x000000e0   Code   RO          224    .text.I2C_WaitOnMasterAddressFlagUntilTimeout  stm32f1xx_hal_i2c.o
    0x08003cec   0x08003cec   0x00000090   Code   RO          114    .text.I2C_WaitOnRXNEFlagUntilTimeout  stm32f1xx_hal_i2c.o
    0x08003d7c   0x08003d7c   0x000000be   Code   RO          108    .text.I2C_WaitOnTXEFlagUntilTimeout  stm32f1xx_hal_i2c.o
    0x08003e3a   0x08003e3a   0x00000002   PAD
    0x08003e3c   0x08003e3c   0x00000002   Code   RO           35    .text.MemManage_Handler  stm32f1xx_it.o
    0x08003e3e   0x08003e3e   0x00000002   PAD
    0x08003e40   0x08003e40   0x00000002   Code   RO           31    .text.NMI_Handler   stm32f1xx_it.o
    0x08003e42   0x08003e42   0x00000002   PAD
    0x08003e44   0x08003e44   0x00000002   Code   RO           45    .text.PendSV_Handler  stm32f1xx_it.o
    0x08003e46   0x08003e46   0x00000002   PAD
    0x08003e48   0x08003e48   0x00000002   Code   RO           41    .text.SVC_Handler   stm32f1xx_it.o
    0x08003e4a   0x08003e4a   0x00000002   PAD
    0x08003e4c   0x08003e4c   0x00000004   Code   RO           47    .text.SysTick_Handler  stm32f1xx_it.o
    0x08003e50   0x08003e50   0x00000002   Code   RO         1006    .text.SystemInit    system_stm32f1xx.o
    0x08003e52   0x08003e52   0x00000002   PAD
    0x08003e54   0x08003e54   0x0000000c   Code   RO         1093    .text.Time3231_handle_data_time  time_service.o
    0x08003e60   0x08003e60   0x0000000c   Code   RO         1192    .text.Time3231_init_I2C  time3231.o
    0x08003e6c   0x08003e6c   0x0000001e   Code   RO         1190    .text.Time3231_init_RTC  time3231.o
    0x08003e8a   0x08003e8a   0x00000002   PAD
    0x08003e8c   0x08003e8c   0x000000ca   Code   RO         1196    .text.Time3231_read_RTC  time3231.o
    0x08003f56   0x08003f56   0x00000002   PAD
    0x08003f58   0x08003f58   0x000000e4   Code   RO         1194    .text.Time3231_write_RTC  time3231.o
    0x0800403c   0x0800403c   0x0000000c   Code   RO          966    .text.UART_DMAAbortOnError  stm32f1xx_hal_uart.o
    0x08004048   0x08004048   0x000000fe   Code   RO          964    .text.UART_Receive_IT  stm32f1xx_hal_uart.o
    0x08004146   0x08004146   0x00000002   PAD
    0x08004148   0x08004148   0x0000000c   Code   RO           49    .text.USART1_IRQHandler  stm32f1xx_it.o
    0x08004154   0x08004154   0x00000002   Code   RO           39    .text.UsageFault_Handler  stm32f1xx_it.o
    0x08004156   0x08004156   0x00000002   PAD
    0x08004158   0x08004158   0x0000008c   Code   RO         1023    .text.cli_command_execute  cli_commands.o
    0x080041e4   0x080041e4   0x00000032   Code   RO         1156    .text.dutyToPwm     pwm.o
    0x08004216   0x08004216   0x00000002   PAD
    0x08004218   0x08004218   0x00000020   Code   RO         1047    .text.fan_init      fan_service.o
    0x08004238   0x08004238   0x00000038   Code   RO         1051    .text.fan_service_turn_off  fan_service.o
    0x08004270   0x08004270   0x00000040   Code   RO         1049    .text.fan_service_turn_on  fan_service.o
    0x080042b0   0x080042b0   0x000000e8   Code   RO         1128    .text.led7_anot_display_1  led7.o
    0x08004398   0x08004398   0x00000058   Code   RO         1132    .text.led7_anot_display_4  led7.o
    0x080043f0   0x080043f0   0x00000038   Code   RO         1069    .text.led_service_turn_off  led_service.o
    0x08004428   0x08004428   0x00000038   Code   RO         1067    .text.led_service_turn_on  led_service.o
    0x08004460   0x08004460   0x000002e6   Code   RO           13    .text.main          main.o
    0x08004746   0x08004746   0x00000002   PAD
    0x08004748   0x08004748   0x000000ee   Code   RO         1146    .text.motor_control  motor.o
    0x08004836   0x08004836   0x00000002   PAD
    0x08004838   0x08004838   0x0000000c   Code   RO         1142    .text.motor_init    motor.o
    0x08004844   0x08004844   0x0000000c   Code   RO         1080    .text.response_init  response.o
    0x08004850   0x08004850   0x00000040   Code   RO         1082    .text.response_printf  response.o
    0x08004890   0x08004890   0x0000003c   Code   RO         1099    .text.time_service_getTime  time_service.o
    0x080048cc   0x080048cc   0x00000178   Code   RO         1095    .text.time_service_get_response  time_service.o
    0x08004a44   0x08004a44   0x00000030   Code   RO         1101    .text.time_service_setTime  time_service.o
    0x08004a74   0x08004a74   0x00000090   Code   RO         1097    .text.time_service_set_response  time_service.o
    0x08004b04   0x08004b04   0x00000020   Code   RO         1115    .text.uart_handle   uart.o
    0x08004b24   0x08004b24   0x00000026   Code   RO         1113    .text.uart_receive  uart.o
    0x08004b4a   0x08004b4a   0x0000003e   Code   RO         1418    CL$$btod_d2e        c_w.l(btod.o)
    0x08004b88   0x08004b88   0x00000046   Code   RO         1420    CL$$btod_d2e_denorm_low  c_w.l(btod.o)
    0x08004bce   0x08004bce   0x00000060   Code   RO         1419    CL$$btod_d2e_norm_op1  c_w.l(btod.o)
    0x08004c2e   0x08004c2e   0x00000002   PAD
    0x08004c30   0x08004c30   0x00000338   Code   RO         1428    CL$$btod_div_common  c_w.l(btod.o)
    0x08004f68   0x08004f68   0x000000dc   Code   RO         1425    CL$$btod_e2e        c_w.l(btod.o)
    0x08005044   0x08005044   0x0000002a   Code   RO         1422    CL$$btod_ediv       c_w.l(btod.o)
    0x0800506e   0x0800506e   0x0000002a   Code   RO         1421    CL$$btod_emul       c_w.l(btod.o)
    0x08005098   0x08005098   0x00000244   Code   RO         1427    CL$$btod_mult_common  c_w.l(btod.o)
    0x080052dc   0x080052dc   0x00000028   Code   RO         1458    i.__ARM_fpclassify  m_ws.l(fpclassify.o)
    0x08005304   0x08005304   0x0000000e   Code   RO         1306    i._is_digit         c_w.l(__printf_wp.o)
    0x08005312   0x08005312   0x00000002   PAD
    0x08005314   0x08005314   0x0000002c   Code   RO         1443    locale$$code        c_w.l(lc_ctype_c.o)
    0x08005340   0x08005340   0x0000002c   Code   RO         1446    locale$$code        c_w.l(lc_numeric_c.o)
    0x0800536c   0x0800536c   0x000002b4   Code   RO         1227    x$fpl$ddiv          fz_ws.l(ddiv.o)
    0x08005620   0x08005620   0x0000005e   Code   RO         1230    x$fpl$dfix          fz_ws.l(dfix.o)
    0x0800567e   0x0800567e   0x00000026   Code   RO         1234    x$fpl$dfltu         fz_ws.l(dflt_clz.o)
    0x080056a4   0x080056a4   0x00000154   Code   RO         1240    x$fpl$dmul          fz_ws.l(dmul.o)
    0x080057f8   0x080057f8   0x0000009c   Code   RO         1343    x$fpl$dnaninf       fz_ws.l(dnaninf.o)
    0x08005894   0x08005894   0x0000000c   Code   RO         1345    x$fpl$dretinf       fz_ws.l(dretinf.o)
    0x080058a0   0x080058a0   0x00000004   Code   RO         1349    x$fpl$printf1       fz_ws.l(printf1.o)
    0x080058a4   0x080058a4   0x00000004   Code   RO         1351    x$fpl$printf2       fz_ws.l(printf2.o)
    0x080058a8   0x080058a8   0x00000000   Code   RO         1357    x$fpl$usenofp       fz_ws.l(usenofp.o)
    0x080058a8   0x080058a8   0x00000008   Data   RO         1265    .constdata          c_w.l(_printf_wctomb.o)
    0x080058b0   0x080058b0   0x00000028   Data   RO         1294    .constdata          c_w.l(_printf_hex_int_ll_ptr.o)
    0x080058d8   0x080058d8   0x00000011   Data   RO         1314    .constdata          c_w.l(__printf_flags_ss_wp.o)
    0x080058e9   0x080058e9   0x00000026   Data   RO         1387    .constdata          c_w.l(_printf_fp_hex.o)
    0x0800590f   0x0800590f   0x00000001   PAD
    0x08005910   0x08005910   0x00000094   Data   RO         1416    .constdata          c_w.l(bigflt0.o)
    0x080059a4   0x080059a4   0x00000010   Data   RO         1011    .rodata.AHBPrescTable  system_stm32f1xx.o
    0x080059b4   0x080059b4   0x00000008   Data   RO         1012    .rodata.APBPrescTable  system_stm32f1xx.o
    0x080059bc   0x080059bc   0x00000002   Data   RO          323    .rodata.HAL_RCC_GetSysClockFreq.aPredivFactorTable  stm32f1xx_hal_rcc.o
    0x080059be   0x080059be   0x00000010   Data   RO          322    .rodata.cst16       stm32f1xx_hal_rcc.o
    0x080059ce   0x080059ce   0x00000002   Data   RO         1025    .rodata.str1.1      cli_commands.o
    0x080059d0   0x080059d0   0x00000082   Data   RO         1035    .rodata.str1.1      cli_table.o
    0x08005a52   0x08005a52   0x0000000f   Data   RO         1054    .rodata.str1.1      fan_service.o
    0x08005a61   0x08005a61   0x00000003   PAD
    0x08005a64   0x08005a64   0x00000020   Data   RO         1597    Region$$Table       anon$$obj.o
    0x08005a84   0x08005a84   0x00000110   Data   RO         1442    locale$$data        c_w.l(lc_ctype_c.o)
    0x08005b94   0x08005b94   0x0000001c   Data   RO         1445    locale$$data        c_w.l(lc_numeric_c.o)


    Execution Region RW_IRAM1 (Exec base: 0x20000000, Load base: 0x08005bb0, Size: 0x00000878, Max: 0x00005000, ABSOLUTE)

    Exec Addr    Load Addr    Size         Type   Attr      Idx    E Section Name        Object

    0x20000000   0x08005bb0   0x00000004   Data   RW         1214    .data               c_w.l(strtok.o)
    0x20000004   0x08005bb4   0x00000008   Data   RW          285    .data..L_MergedGlobals  stm32f1xx_hal.o
    0x2000000c   0x08005bbc   0x00000004   Data   RW         1010    .data.SystemCoreClock  system_stm32f1xx.o
    0x20000010   0x08005bc0   0x00000054   Data   RW         1036    .data.cli_table     cli_table.o
    0x20000064   0x08005c14   0x00000004   PAD
    0x20000068        -       0x00000060   Zero   RW         1359    .bss                c_w.l(libspace.o)
    0x200000c8        -       0x00000068   Zero   RW           22    .bss..L_MergedGlobals  main.o
    0x20000130        -       0x00000030   Zero   RW         1026    .bss..L_MergedGlobals  cli_commands.o
    0x20000160        -       0x00000066   Zero   RW         1119    .bss..L_MergedGlobals  uart.o
    0x200001c6   0x08005c14   0x00000002   PAD
    0x200001c8        -       0x00000004   Zero   RW         1103    .bss.data_time      time_service.o
    0x200001cc        -       0x00000004   Zero   RW         1198    .bss.hi2c           time3231.o
    0x200001d0        -       0x00000054   Zero   RW           20    .bss.hi2c1          main.o
    0x20000224        -       0x00000048   Zero   RW           19    .bss.htim1          main.o
    0x2000026c        -       0x00000004   Zero   RW         1053    .bss.motor          fan_service.o
    0x20000270        -       0x00000004   Zero   RW         1084    .bss.response_uart  response.o
    0x20000274        -       0x00000004   Zero   RW          284    .bss.uwTick         stm32f1xx_hal.o
    0x20000278        -       0x00000200   Zero   RW            2    HEAP                startup_stm32f103xb.o
    0x20000478        -       0x00000400   Zero   RW            1    STACK               startup_stm32f103xb.o


==============================================================================

Image component sizes


      Code (inc. data)   RO Data    RW Data    ZI Data      Debug   Object Name

       140         12          2          0         48       1847   cli_commands.o
         0          0        130         84          0        969   cli_table.o
       152         16         15          0          4       5399   fan_service.o
       320         20          0          0          0       3037   led7.o
       112         16          0          0          0       2118   led_service.o
       786          0          0          0        260      10674   main.o
       250         16          0          0          0       5794   motor.o
        50          0          0          0          0       3694   pwm.o
        76          0          0          0          4       3623   response.o
        64         26        236          0       1536        848   startup_stm32f103xb.o
       188          0          0          8          4       5795   stm32f1xx_hal.o
       200          0          0          0          0       8553   stm32f1xx_hal_cortex.o
       248          0          0          0          0       8492   stm32f1xx_hal_dma.o
       548         22          0          0          0       4623   stm32f1xx_hal_gpio.o
      3076          0          0          0          0      42605   stm32f1xx_hal_i2c.o
       432          0          0          0          0       9588   stm32f1xx_hal_msp.o
      1470          0         18          0          0       7725   stm32f1xx_hal_rcc.o
      1632          6          0          0          0      55212   stm32f1xx_hal_tim.o
       198          0          0          0          0      20779   stm32f1xx_hal_tim_ex.o
      2588          0          0          0          0      32384   stm32f1xx_hal_uart.o
        32          0          0          0          0       3896   stm32f1xx_it.o
         2          0         24          4          0       1675   system_stm32f1xx.o
       472          0          0          0          4       5893   time3231.o
       640        232          0          0          4       5304   time_service.o
        70          0          0          0        102       1043   uart.o

    ----------------------------------------------------------------------
     13830        366        460         96       1972     251570   Object Totals
         0          0         32          0          0          0   (incl. Generated)
        84          0          3          0          6          0   (incl. Padding)

    ----------------------------------------------------------------------

      Code (inc. data)   RO Data    RW Data    ZI Data      Debug   Library Member Name

         8          0          0          0          0         68   __main.o
       392          4         17          0          0         92   __printf_flags_ss_wp.o
        14          0          0          0          0         68   __printf_wp.o
         0          0          0          0          0          0   __rtentry.o
        12          0          0          0          0          0   __rtentry2.o
         6          0          0          0          0          0   __rtentry4.o
        52          8          0          0          0          0   __scatter.o
        26          0          0          0          0          0   __scatter_copy.o
        28          0          0          0          0          0   __scatter_zi.o
        72          0          0          0          0         96   _c16rtomb.o
        28          0          0          0          0         68   _chval.o
         6          0          0          0          0          0   _printf_a.o
         6          0          0          0          0          0   _printf_c.o
        44          0          0          0          0        108   _printf_char.o
        48          6          0          0          0         96   _printf_char_common.o
        40          0          0          0          0         68   _printf_charcount.o
         6          0          0          0          0          0   _printf_d.o
       120         16          0          0          0         92   _printf_dec.o
         6          0          0          0          0          0   _printf_e.o
         6          0          0          0          0          0   _printf_f.o
      1052          0          0          0          0        148   _printf_fp_dec.o
       764          8         38          0          0        100   _printf_fp_hex.o
       128         16          0          0          0         84   _printf_fp_infnan.o
         6          0          0          0          0          0   _printf_g.o
       148          4         40          0          0        160   _printf_hex_int_ll_ptr.o
         6          0          0          0          0          0   _printf_i.o
       178          0          0          0          0         88   _printf_intcommon.o
        10          0          0          0          0          0   _printf_l.o
         6          0          0          0          0          0   _printf_lc.o
        10          0          0          0          0          0   _printf_ll.o
         6          0          0          0          0          0   _printf_lld.o
         6          0          0          0          0          0   _printf_lli.o
         6          0          0          0          0          0   _printf_llo.o
         6          0          0          0          0          0   _printf_llu.o
         6          0          0          0          0          0   _printf_llx.o
       124         16          0          0          0         92   _printf_longlong_dec.o
         6          0          0          0          0          0   _printf_ls.o
         6          0          0          0          0          0   _printf_n.o
         6          0          0          0          0          0   _printf_o.o
       112          8          0          0          0        124   _printf_oct_int_ll.o
         6          0          0          0          0          0   _printf_p.o
        78          0          0          0          0        108   _printf_pad.o
         0          0          0          0          0          0   _printf_percent.o
         4          0          0          0          0          0   _printf_percent_end.o
         6          0          0          0          0          0   _printf_s.o
        82          0          0          0          0         80   _printf_str.o
        36          0          0          0          0         84   _printf_truncate.o
         6          0          0          0          0          0   _printf_u.o
        44          0          0          0          0        108   _printf_wchar.o
       188          6          8          0          0         92   _printf_wctomb.o
         6          0          0          0          0          0   _printf_x.o
        10          0          0          0          0         68   _sputc.o
       158          0          0          0          0         92   _strtoul.o
        26          0          0          0          0         80   atoi.o
       228          4        148          0          0         96   bigflt0.o
      1936        128          0          0          0        668   btod.o
        18          0          0          0          0         80   exit.o
         6          0          0          0          0        152   heapauxi.o
         0          0          0          0          0          0   indicate_semi.o
        44         10        272          0          0         76   lc_ctype_c.o
        44         10         28          0          0         76   lc_numeric_c.o
         2          0          0          0          0          0   libinit.o
        30          0          0          0          0          0   libinit2.o
         2          0          0          0          0          0   libshutdown.o
         2          0          0          0          0          0   libshutdown2.o
         8          4          0          0         96         68   libspace.o
       138          0          0          0          0         80   lludiv10.o
        16          4          0          0          0         76   rt_ctype_table.o
         8          4          0          0          0         68   rt_errno_addr_intlibspace.o
         8          4          0          0          0         68   rt_locale_intlibspace.o
         2          0          0          0          0          0   rtexit.o
        10          0          0          0          0          0   rtexit2.o
       128          0          0          0          0         68   strcmpv7m.o
        32          0          0          0          0         80   strcspn.o
        62          0          0          0          0         76   strlen.o
        28          0          0          0          0         80   strspn.o
        12          6          0          4          0         68   strtok.o
        68          4          0          0          0         84   strtok_int.o
       112          0          0          0          0         88   strtol.o
        12          4          0          0          0         68   sys_exit.o
        74          0          0          0          0         80   sys_stackheap_outer.o
         2          0          0          0          0         68   use_no_semi.o
        36          4          0          0          0         76   vsprintf.o
       692        140          0          0          0        216   ddiv.o
        94          4          0          0          0         92   dfix.o
        38          0          0          0          0         68   dflt_clz.o
       340         12          0          0          0        104   dmul.o
       156          4          0          0          0         92   dnaninf.o
        12          0          0          0          0         68   dretinf.o
         4          0          0          0          0         68   printf1.o
         4          0          0          0          0         68   printf2.o
         0          0          0          0          0          0   usenofp.o
        40          0          0          0          0         68   fpclassify.o

    ----------------------------------------------------------------------
      8630        438        552          4         96       5452   Library Totals
        20          0          1          0          0          0   (incl. Padding)

    ----------------------------------------------------------------------

      Code (inc. data)   RO Data    RW Data    ZI Data      Debug   Library Name

      7230        278        551          4         96       4608   c_w.l
      1340        160          0          0          0        776   fz_ws.l
        40          0          0          0          0         68   m_ws.l

    ----------------------------------------------------------------------
      8630        438        552          4         96       5452   Library Totals

    ----------------------------------------------------------------------

==============================================================================


      Code (inc. data)   RO Data    RW Data    ZI Data      Debug   

     22460        804       1012        100       2068     253614   Grand Totals
     22460        804       1012        100       2068     253614   ELF Image Totals
     22460        804       1012        100          0          0   ROM Totals

==============================================================================

    Total RO  Size (Code + RO Data)                23472 (  22.92kB)
    Total RW  Size (RW Data + ZI Data)              2168 (   2.12kB)
    Total ROM Size (Code + RO Data + RW Data)      23572 (  23.02kB)

==============================================================================

